Archive member included to satisfy reference by file (symbol)

c:/program files (x86)/atollic/truestudio for stm32 9.0.1/armtools/bin/../lib/gcc/arm-atollic-eabi/6.3.1/../../../../arm-atollic-eabi/lib/armv6-m\libc_nano.a(lib_a-init.o)
                              startup\startup_stm32f051x8.o (__libc_init_array)
c:/program files (x86)/atollic/truestudio for stm32 9.0.1/armtools/bin/../lib/gcc/arm-atollic-eabi/6.3.1/../../../../arm-atollic-eabi/lib/armv6-m\libc_nano.a(lib_a-memcpy-stub.o)
                              Drivers\STM32F0xx_HAL_Driver\Src\stm32f0xx_hal_rcc.o (memcpy)
c:/program files (x86)/atollic/truestudio for stm32 9.0.1/armtools/bin/../lib/gcc/arm-atollic-eabi/6.3.1/../../../../arm-atollic-eabi/lib/armv6-m\libc_nano.a(lib_a-nano-vfprintf_float.o)
                              (_printf_float)
c:/program files (x86)/atollic/truestudio for stm32 9.0.1/armtools/bin/../lib/gcc/arm-atollic-eabi/6.3.1/../../../../arm-atollic-eabi/lib/armv6-m\libc_nano.a(lib_a-nano-vfprintf_i.o)
                              c:/program files (x86)/atollic/truestudio for stm32 9.0.1/armtools/bin/../lib/gcc/arm-atollic-eabi/6.3.1/../../../../arm-atollic-eabi/lib/armv6-m\libc_nano.a(lib_a-nano-vfprintf_float.o) (_printf_common)
c:/program files (x86)/atollic/truestudio for stm32 9.0.1/armtools/bin/../lib/gcc/arm-atollic-eabi/6.3.1/../../../../arm-atollic-eabi/lib/armv6-m\libc_nano.a(lib_a-strlen.o)
                              c:/program files (x86)/atollic/truestudio for stm32 9.0.1/armtools/bin/../lib/gcc/arm-atollic-eabi/6.3.1/../../../../arm-atollic-eabi/lib/armv6-m\libc_nano.a(lib_a-nano-vfprintf_float.o) (strlen)
c:/program files (x86)/atollic/truestudio for stm32 9.0.1/armtools/bin/../lib/gcc/arm-atollic-eabi/6.3.1/../../../../arm-atollic-eabi/lib/armv6-m\libc_nano.a(lib_a-dtoa.o)
                              c:/program files (x86)/atollic/truestudio for stm32 9.0.1/armtools/bin/../lib/gcc/arm-atollic-eabi/6.3.1/../../../../arm-atollic-eabi/lib/armv6-m\libc_nano.a(lib_a-nano-vfprintf_float.o) (_dtoa_r)
c:/program files (x86)/atollic/truestudio for stm32 9.0.1/armtools/bin/../lib/gcc/arm-atollic-eabi/6.3.1/../../../../arm-atollic-eabi/lib/armv6-m\libc_nano.a(lib_a-localeconv.o)
                              c:/program files (x86)/atollic/truestudio for stm32 9.0.1/armtools/bin/../lib/gcc/arm-atollic-eabi/6.3.1/../../../../arm-atollic-eabi/lib/armv6-m\libc_nano.a(lib_a-nano-vfprintf_float.o) (_localeconv_r)
c:/program files (x86)/atollic/truestudio for stm32 9.0.1/armtools/bin/../lib/gcc/arm-atollic-eabi/6.3.1/../../../../arm-atollic-eabi/lib/armv6-m\libc_nano.a(lib_a-malloc.o)
                              c:/program files (x86)/atollic/truestudio for stm32 9.0.1/armtools/bin/../lib/gcc/arm-atollic-eabi/6.3.1/../../../../arm-atollic-eabi/lib/armv6-m\libc_nano.a(lib_a-dtoa.o) (malloc)
c:/program files (x86)/atollic/truestudio for stm32 9.0.1/armtools/bin/../lib/gcc/arm-atollic-eabi/6.3.1/../../../../arm-atollic-eabi/lib/armv6-m\libc_nano.a(lib_a-memchr-stub.o)
                              c:/program files (x86)/atollic/truestudio for stm32 9.0.1/armtools/bin/../lib/gcc/arm-atollic-eabi/6.3.1/../../../../arm-atollic-eabi/lib/armv6-m\libc_nano.a(lib_a-nano-vfprintf_i.o) (memchr)
c:/program files (x86)/atollic/truestudio for stm32 9.0.1/armtools/bin/../lib/gcc/arm-atollic-eabi/6.3.1/../../../../arm-atollic-eabi/lib/armv6-m\libc_nano.a(lib_a-mprec.o)
                              c:/program files (x86)/atollic/truestudio for stm32 9.0.1/armtools/bin/../lib/gcc/arm-atollic-eabi/6.3.1/../../../../arm-atollic-eabi/lib/armv6-m\libc_nano.a(lib_a-dtoa.o) (_Balloc)
c:/program files (x86)/atollic/truestudio for stm32 9.0.1/armtools/bin/../lib/gcc/arm-atollic-eabi/6.3.1/../../../../arm-atollic-eabi/lib/armv6-m\libc_nano.a(lib_a-nano-callocr.o)
                              c:/program files (x86)/atollic/truestudio for stm32 9.0.1/armtools/bin/../lib/gcc/arm-atollic-eabi/6.3.1/../../../../arm-atollic-eabi/lib/armv6-m\libc_nano.a(lib_a-mprec.o) (_calloc_r)
c:/program files (x86)/atollic/truestudio for stm32 9.0.1/armtools/bin/../lib/gcc/arm-atollic-eabi/6.3.1/../../../../arm-atollic-eabi/lib/armv6-m\libc_nano.a(lib_a-nano-freer.o)
                              c:/program files (x86)/atollic/truestudio for stm32 9.0.1/armtools/bin/../lib/gcc/arm-atollic-eabi/6.3.1/../../../../arm-atollic-eabi/lib/armv6-m\libc_nano.a(lib_a-malloc.o) (_free_r)
c:/program files (x86)/atollic/truestudio for stm32 9.0.1/armtools/bin/../lib/gcc/arm-atollic-eabi/6.3.1/../../../../arm-atollic-eabi/lib/armv6-m\libc_nano.a(lib_a-nano-mallocr.o)
                              c:/program files (x86)/atollic/truestudio for stm32 9.0.1/armtools/bin/../lib/gcc/arm-atollic-eabi/6.3.1/../../../../arm-atollic-eabi/lib/armv6-m\libc_nano.a(lib_a-malloc.o) (_malloc_r)
c:/program files (x86)/atollic/truestudio for stm32 9.0.1/armtools/bin/../lib/gcc/arm-atollic-eabi/6.3.1/../../../../arm-atollic-eabi/lib/armv6-m\libc_nano.a(lib_a-sbrkr.o)
[...]
Memory Configuration

Name             Origin             Length             Attributes
RAM              0x20000000         0x00002000         xrw
FLASH            0x08000000         0x00010000         xr
*default*        0x00000000         0xffffffff

Linker script and memory map

LOAD c:/program files (x86)/atollic/truestudio for stm32 9.0.1/armtools/bin/../lib/gcc/arm-atollic-eabi/6.3.1/armv6-m/crti.o
LOAD c:/program files (x86)/atollic/truestudio for stm32 9.0.1/armtools/bin/../lib/gcc/arm-atollic-eabi/6.3.1/armv6-m/crtbegin.o
LOAD Drivers\STM32F0xx_HAL_Driver\Src\stm32f0xx_hal.o
LOAD Drivers\STM32F0xx_HAL_Driver\Src\stm32f0xx_hal_cortex.o
LOAD Drivers\STM32F0xx_HAL_Driver\Src\stm32f0xx_hal_dma.o
LOAD Drivers\STM32F0xx_HAL_Driver\Src\stm32f0xx_hal_flash.o
LOAD Drivers\STM32F0xx_HAL_Driver\Src\stm32f0xx_hal_flash_ex.o
LOAD Drivers\STM32F0xx_HAL_Driver\Src\stm32f0xx_hal_gpio.o
LOAD Drivers\STM32F0xx_HAL_Driver\Src\stm32f0xx_hal_i2c.o
LOAD Drivers\STM32F0xx_HAL_Driver\Src\stm32f0xx_hal_i2c_ex.o
LOAD Drivers\STM32F0xx_HAL_Driver\Src\stm32f0xx_hal_pwr.o
LOAD Drivers\STM32F0xx_HAL_Driver\Src\stm32f0xx_hal_pwr_ex.o
LOAD Drivers\STM32F0xx_HAL_Driver\Src\stm32f0xx_hal_rcc.o
LOAD Drivers\STM32F0xx_HAL_Driver\Src\stm32f0xx_hal_rcc_ex.o
LOAD Drivers\STM32F0xx_HAL_Driver\Src\stm32f0xx_hal_tim.o
LOAD Drivers\STM32F0xx_HAL_Driver\Src\stm32f0xx_hal_tim_ex.o
LOAD Drivers\STM32F0xx_HAL_Driver\Src\stm32f0xx_hal_uart.o
LOAD Drivers\STM32F0xx_HAL_Driver\Src\stm32f0xx_hal_uart_ex.o
LOAD Drivers\STM32F0xx_HAL_Driver\Src\tm_stm32_gpio.o
LOAD Drivers\STM32F0xx_HAL_Driver\Src\tm_stm32_i2c.o
LOAD Drivers\STM32F0xx_HAL_Driver\Src\tm_stm32_mpu6050.o
LOAD Src\gpio.o
LOAD Src\i2c.o
LOAD Src\main.o
LOAD Src\stm32f0xx_hal_msp.o
LOAD Src\stm32f0xx_it.o
LOAD Src\system_stm32f0xx.o
LOAD Src\tim.o
LOAD Src\usart.o
LOAD startup\startup_stm32f051x8.o
                0x00000080                malloc_getpagesize_P = 0x80
START GROUP
LOAD c:/program files (x86)/atollic/truestudio for stm32 9.0.1/armtools/bin/../lib/gcc/arm-atollic-eabi/6.3.1/../../../../arm-atollic-eabi/lib/armv6-m\libc_nano.a
LOAD c:/program files (x86)/atollic/truestudio for stm32 9.0.1/armtools/bin/../lib/gcc/arm-atollic-eabi/6.3.1/../../../../arm-atollic-eabi/lib/armv6-m\libm.a
END GROUP
START GROUP
LOAD c:/program files (x86)/atollic/truestudio for stm32 9.0.1/armtools/bin/../lib/gcc/arm-atollic-eabi/6.3.1/armv6-m\libgcc.a
LOAD c:/program files (x86)/atollic/truestudio for stm32 9.0.1/armtools/bin/../lib/gcc/arm-atollic-eabi/6.3.1/../../../../arm-atollic-eabi/lib/armv6-m\libc_nano.a
END GROUP
START GROUP
LOAD c:/program files (x86)/atollic/truestudio for stm32 9.0.1/armtools/bin/../lib/gcc/arm-atollic-eabi/6.3.1/armv6-m\libgcc.a
LOAD c:/program files (x86)/atollic/truestudio for stm32 9.0.1/armtools/bin/../lib/gcc/arm-atollic-eabi/6.3.1/../../../../arm-atollic-eabi/lib/armv6-m\libc_nano.a
LOAD c:/program files (x86)/atollic/truestudio for stm32 9.0.1/armtools/bin/../lib/gcc/arm-atollic-eabi/6.3.1/../../../../arm-atollic-eabi/lib/armv6-m\libnosys.a
END GROUP
START GROUP
LOAD c:/program files (x86)/atollic/truestudio for stm32 9.0.1/armtools/bin/../lib/gcc/arm-atollic-eabi/6.3.1/armv6-m\libgcc.a
LOAD c:/program files (x86)/atollic/truestudio for stm32 9.0.1/armtools/bin/../lib/gcc/arm-atollic-eabi/6.3.1/../../../../arm-atollic-eabi/lib/armv6-m\libc_nano.a
LOAD c:/program files (x86)/atollic/truestudio for stm32 9.0.1/armtools/bin/../lib/gcc/arm-atollic-eabi/6.3.1/../../../../arm-atollic-eabi/lib/armv6-m\libnosys.a
END GROUP
LOAD c:/program files (x86)/atollic/truestudio for stm32 9.0.1/armtools/bin/../lib/gcc/arm-atollic-eabi/6.3.1/armv6-m/crtend.o
LOAD c:/program files (x86)/atollic/truestudio for stm32 9.0.1/armtools/bin/../lib/gcc/arm-atollic-eabi/6.3.1/armv6-m/crtn.o
                0x20002000                _estack = 0x20002000
                0x00000200                _Min_Heap_Size = 0x200
                0x00000400                _Min_Stack_Size = 0x400

.isr_vector     0x08000000       0xc0
                0x08000000                . = ALIGN (0x4)
 *(.isr_vector)
 .isr_vector    0x08000000       0xc0 startup\startup_stm32f051x8.o
                0x08000000                g_pfnVectors
                0x080000c0                . = ALIGN (0x4)

.text           0x080000c0     0x7e90
                0x080000c0                . = ALIGN (0x4)
 *(.text)
 .text          0x080000c0       0x48 c:/program files (x86)/atollic/truestudio for stm32 9.0.1/armtools/bin/../lib/gcc/arm-atollic-eabi/6.3.1/armv6-m/crtbegin.o
 .text          0x08000108        0xe c:/program files (x86)/atollic/truestudio for stm32 9.0.1/armtools/bin/../lib/gcc/arm-atollic-eabi/6.3.1/../../../../arm-atollic-eabi/lib/armv6-m\libc_nano.a(lib_a-strlen.o)
                0x08000108                strlen
 *fill*         0x08000116        0x2 
 .text          0x08000118       0x14 c:/program files (x86)/atollic/truestudio for stm32 9.0.1/armtools/bin/../lib/gcc/arm-atollic-eabi/6.3.1/armv6-m\libgcc.a(_thumb1_case_sqi.o)
                0x08000118                __gnu_thumb1_case_sqi
 .text          0x0800012c       0x14 c:/program files (x86)/atollic/truestudio for stm32 9.0.1/armtools/bin/../lib/gcc/arm-atollic-eabi/6.3.1/armv6-m\libgcc.a(_thumb1_case_uqi.o)
                0x0800012c                __gnu_thumb1_case_uqi
 .text          0x08000140      0x114 c:/program files (x86)/atollic/truestudio for stm32 9.0.1/armtools/bin/../lib/gcc/arm-atollic-eabi/6.3.1/armv6-m\libgcc.a(_udivsi3.o)
                0x08000140                __aeabi_uidiv
                0x08000140                __udivsi3
                0x0800024c                __aeabi_uidivmod
 .text          0x08000254      0x1d4 c:/program files (x86)/atollic/truestudio for stm32 9.0.1/armtools/bin/../lib/gcc/arm-atollic-eabi/6.3.1/armv6-m\libgcc.a(_divsi3.o)
                0x08000254                __divsi3
                0x08000254                __aeabi_idiv
                0x08000420                __aeabi_idivmod
 .text          0x08000428        0x4 c:/program files (x86)/atollic/truestudio for stm32 9.0.1/armtools/bin/../lib/gcc/arm-atollic-eabi/6.3.1/armv6-m\libgcc.a(_dvmd_tls.o)
                0x08000428                __aeabi_idiv0
                0x08000428                __aeabi_ldiv0
 .text          0x0800042c       0x7c c:/program files (x86)/atollic/truestudio for stm32 9.0.1/armtools/bin/../lib/gcc/arm-atollic-eabi/6.3.1/armv6-m\libgcc.a(_arm_cmpdf2.o)
                0x0800042c                __aeabi_cdrcmple
                0x0800043c                __aeabi_cdcmple
                0x0800043c                __aeabi_cdcmpeq
                0x0800044c                __aeabi_dcmpeq
                0x08000458                __aeabi_dcmplt
                0x0800046c                __aeabi_dcmple
                0x08000480                __aeabi_dcmpgt
                0x08000494                __aeabi_dcmpge
 .text          0x080004a8      0x324 c:/program files (x86)/atollic/truestudio for stm32 9.0.1/armtools/bin/../lib/gcc/arm-atollic-eabi/6.3.1/armv6-m\libgcc.a(addsf3.o)
                0x080004a8                __aeabi_fadd
 .text          0x080007cc      0x290 c:/program files (x86)/atollic/truestudio for stm32 9.0.1/armtools/bin/../lib/gcc/arm-atollic-eabi/6.3.1/armv6-m\libgcc.a(divsf3.o)
                0x080007cc                __aeabi_fdiv
 .text          0x08000a5c      0x240 c:/program files (x86)/atollic/truestudio for stm32 9.0.1/armtools/bin/../lib/gcc/arm-atollic-eabi/6.3.1/armv6-m\libgcc.a(mulsf3.o)
                0x08000a5c                __aeabi_fmul
 .text          0x08000c9c      0x338 c:/program files (x86)/atollic/truestudio for stm32 9.0.1/armtools/bin/../lib/gcc/arm-atollic-eabi/6.3.1/armv6-m\libgcc.a(subsf3.o)
                0x08000c9c                __aeabi_fsub
 .text          0x08000fd4       0xa0 c:/program files (x86)/atollic/truestudio for stm32 9.0.1/armtools/bin/../lib/gcc/arm-atollic-eabi/6.3.1/armv6-m\libgcc.a(floatsisf.o)
                0x08000fd4                __aeabi_i2f
 .text          0x08001074      0x620 c:/program files (x86)/atollic/truestudio for stm32 9.0.1/armtools/bin/../lib/gcc/arm-atollic-eabi/6.3.1/armv6-m\libgcc.a(adddf3.o)
                0x08001074                __aeabi_dadd
 .text          0x08001694      0x668 c:/program files (x86)/atollic/truestudio for stm32 9.0.1/armtools/bin/../lib/gcc/arm-atollic-eabi/6.3.1/armv6-m\libgcc.a(divdf3.o)
                0x08001694                __aeabi_ddiv
 .text          0x08001cfc       0x74 c:/program files (x86)/atollic/truestudio for stm32 9.0.1/armtools/bin/../lib/gcc/arm-atollic-eabi/6.3.1/armv6-m\libgcc.a(eqdf2.o)
                0x08001cfc                __nedf2
                0x08001cfc                __eqdf2
 .text          0x08001d70       0xc8 c:/program files (x86)/atollic/truestudio for stm32 9.0.1/armtools/bin/../lib/gcc/arm-atollic-eabi/6.3.1/armv6-m\libgcc.a(gedf2.o)
                0x08001d70                __gedf2
                0x08001d70                __gtdf2
 .text          0x08001e38       0xc4 c:/program files (x86)/atollic/truestudio for stm32 9.0.1/armtools/bin/../lib/gcc/arm-atollic-eabi/6.3.1/armv6-m\libgcc.a(ledf2.o)
                0x08001e38                __ledf2
                0x08001e38                __ltdf2
 .text          0x08001efc      0x500 c:/program files (x86)/atollic/truestudio for stm32 9.0.1/armtools/bin/../lib/gcc/arm-atollic-eabi/6.3.1/armv6-m\libgcc.a(muldf3.o)
                0x08001efc                __aeabi_dmul
 .text          0x080023fc      0x62c c:/program files (x86)/atollic/truestudio for stm32 9.0.1/armtools/bin/../lib/gcc/arm-atollic-eabi/6.3.1/armv6-m\libgcc.a(subdf3.o)
                0x080023fc                __aeabi_dsub
 .text          0x08002a28       0x40 c:/program files (x86)/atollic/truestudio for stm32 9.0.1/armtools/bin/../lib/gcc/arm-atollic-eabi/6.3.1/armv6-m\libgcc.a(unorddf2.o)
                0x08002a28                __aeabi_dcmpun
 .text          0x08002a68       0x68 c:/program files (x86)/atollic/truestudio for stm32 9.0.1/armtools/bin/../lib/gcc/arm-atollic-eabi/6.3.1/armv6-m\libgcc.a(fixdfsi.o)
                0x08002a68                __aeabi_d2iz
 .text          0x08002ad0       0x84 c:/program files (x86)/atollic/truestudio for stm32 9.0.1/armtools/bin/../lib/gcc/arm-atollic-eabi/6.3.1/armv6-m\libgcc.a(floatsidf.o)
                0x08002ad0                __aeabi_i2d
 .text          0x08002b54       0x70 c:/program files (x86)/atollic/truestudio for stm32 9.0.1/armtools/bin/../lib/gcc/arm-atollic-eabi/6.3.1/armv6-m\libgcc.a(floatunsidf.o)
                0x08002b54                __aeabi_ui2d
 .text          0x08002bc4       0xa4 c:/program files (x86)/atollic/truestudio for stm32 9.0.1/armtools/bin/../lib/gcc/arm-atollic-eabi/6.3.1/armv6-m\libgcc.a(extendsfdf2.o)
                0x08002bc4                __aeabi_f2d
 .text          0x08002c68      0x114 c:/program files (x86)/atollic/truestudio for stm32 9.0.1/armtools/bin/../lib/gcc/arm-atollic-eabi/6.3.1/armv6-m\libgcc.a(truncdfsf2.o)
                0x08002c68                __aeabi_d2f
 .text          0x08002d7c       0x3c c:/program files (x86)/atollic/truestudio for stm32 9.0.1/armtools/bin/../lib/gcc/arm-atollic-eabi/6.3.1/armv6-m\libgcc.a(_clzsi2.o)
                0x08002d7c                __clzsi2
 *(.text*)
 .text.HAL_InitTick
                0x08002db8       0x24 Drivers\STM32F0xx_HAL_Driver\Src\stm32f0xx_hal.o
                0x08002db8                HAL_InitTick
 .text.HAL_Init
                0x08002ddc       0x20 Drivers\STM32F0xx_HAL_Driver\Src\stm32f0xx_hal.o
                0x08002ddc                HAL_Init
 .text.HAL_IncTick
                0x08002dfc       0x10 Drivers\STM32F0xx_HAL_Driver\Src\stm32f0xx_hal.o
                0x08002dfc                HAL_IncTick
 .text.HAL_GetTick
                0x08002e0c        0xc Drivers\STM32F0xx_HAL_Driver\Src\stm32f0xx_hal.o
                0x08002e0c                HAL_GetTick
 .text.HAL_Delay
                0x08002e18       0x20 Drivers\STM32F0xx_HAL_Driver\Src\stm32f0xx_hal.o
                0x08002e18                HAL_Delay
 .text.HAL_NVIC_SetPriority
                0x08002e38       0x60 Drivers\STM32F0xx_HAL_Driver\Src\stm32f0xx_hal_cortex.o
                0x08002e38                HAL_NVIC_SetPriority
 .text.HAL_NVIC_EnableIRQ
                0x08002e98       0x14 Drivers\STM32F0xx_HAL_Driver\Src\stm32f0xx_hal_cortex.o
                0x08002e98                HAL_NVIC_EnableIRQ
 .text.HAL_SYSTICK_Config
                0x08002eac       0x34 Drivers\STM32F0xx_HAL_Driver\Src\stm32f0xx_hal_cortex.o
                0x08002eac                HAL_SYSTICK_Config
 .text.HAL_SYSTICK_CLKSourceConfig
                0x08002ee0       0x1c Drivers\STM32F0xx_HAL_Driver\Src\stm32f0xx_hal_cortex.o
                0x08002ee0                HAL_SYSTICK_CLKSourceConfig
 .text.HAL_SYSTICK_Callback
                0x08002efc        0x2 Drivers\STM32F0xx_HAL_Driver\Src\stm32f0xx_hal_cortex.o
                0x08002efc                HAL_SYSTICK_Callback
 .text.HAL_SYSTICK_IRQHandler
                0x08002efe        0x8 Drivers\STM32F0xx_HAL_Driver\Src\stm32f0xx_hal_cortex.o
                0x08002efe                HAL_SYSTICK_IRQHandler
 .text.HAL_DMA_Abort_IT
                0x08002f06       0x46 Drivers\STM32F0xx_HAL_Driver\Src\stm32f0xx_hal_dma.o
                0x08002f06                HAL_DMA_Abort_IT
 .text.HAL_GPIO_Init
                0x08002f4c      0x160 Drivers\STM32F0xx_HAL_Driver\Src\stm32f0xx_hal_gpio.o
                0x08002f4c                HAL_GPIO_Init
 .text.HAL_GPIO_WritePin
                0x080030ac        0xc Drivers\STM32F0xx_HAL_Driver\Src\stm32f0xx_hal_gpio.o
                0x080030ac                HAL_GPIO_WritePin
 .text.HAL_GPIO_TogglePin
                0x080030b8        0x8 Drivers\STM32F0xx_HAL_Driver\Src\stm32f0xx_hal_gpio.o
                0x080030b8                HAL_GPIO_TogglePin
 .text.I2C_Flush_TXDR
                0x080030c0       0x1c Drivers\STM32F0xx_HAL_Driver\Src\stm32f0xx_hal_i2c.o
 .text.I2C_TransferConfig
                0x080030dc       0x24 Drivers\STM32F0xx_HAL_Driver\Src\stm32f0xx_hal_i2c.o
 .text.I2C_Disable_IRQ
                0x08003100       0x60 Drivers\STM32F0xx_HAL_Driver\Src\stm32f0xx_hal_i2c.o
 .text.I2C_WaitOnFlagUntilTimeout
                0x08003160       0x4c Drivers\STM32F0xx_HAL_Driver\Src\stm32f0xx_hal_i2c.o
 .text.I2C_IsAcknowledgeFailed
                0x080031ac       0x80 Drivers\STM32F0xx_HAL_Driver\Src\stm32f0xx_hal_i2c.o
 .text.I2C_WaitOnTXISFlagUntilTimeout
                0x0800322c       0x5a Drivers\STM32F0xx_HAL_Driver\Src\stm32f0xx_hal_i2c.o
 *fill*         0x08003286        0x2 
 .text.I2C_WaitOnRXNEFlagUntilTimeout
                0x08003288       0x78 Drivers\STM32F0xx_HAL_Driver\Src\stm32f0xx_hal_i2c.o
 .text.I2C_WaitOnSTOPFlagUntilTimeout
                0x08003300       0x56 Drivers\STM32F0xx_HAL_Driver\Src\stm32f0xx_hal_i2c.o
 *fill*         0x08003356        0x2 
 .text.HAL_I2C_Init
                0x08003358       0xac Drivers\STM32F0xx_HAL_Driver\Src\stm32f0xx_hal_i2c.o
                0x08003358                HAL_I2C_Init
 .text.HAL_I2C_Master_Transmit
                0x08003404      0x130 Drivers\STM32F0xx_HAL_Driver\Src\stm32f0xx_hal_i2c.o
                0x08003404                HAL_I2C_Master_Transmit
 .text.HAL_I2C_Master_Receive
                0x08003534      0x130 Drivers\STM32F0xx_HAL_Driver\Src\stm32f0xx_hal_i2c.o
                0x08003534                HAL_I2C_Master_Receive
 .text.HAL_I2C_IsDeviceReady
                0x08003664      0x12c Drivers\STM32F0xx_HAL_Driver\Src\stm32f0xx_hal_i2c.o
                0x08003664                HAL_I2C_IsDeviceReady
 .text.HAL_I2C_EV_IRQHandler
                0x08003790       0x12 Drivers\STM32F0xx_HAL_Driver\Src\stm32f0xx_hal_i2c.o
                0x08003790                HAL_I2C_EV_IRQHandler
 .text.HAL_I2C_SlaveTxCpltCallback
                0x080037a2        0x2 Drivers\STM32F0xx_HAL_Driver\Src\stm32f0xx_hal_i2c.o
                0x080037a2                HAL_I2C_SlaveTxCpltCallback
 .text.HAL_I2C_SlaveRxCpltCallback
                0x080037a4        0x2 Drivers\STM32F0xx_HAL_Driver\Src\stm32f0xx_hal_i2c.o
                0x080037a4                HAL_I2C_SlaveRxCpltCallback
 .text.I2C_ITSlaveSequentialCplt
                0x080037a6       0x52 Drivers\STM32F0xx_HAL_Driver\Src\stm32f0xx_hal_i2c.o
 .text.HAL_I2C_AddrCallback
                0x080037f8        0x2 Drivers\STM32F0xx_HAL_Driver\Src\stm32f0xx_hal_i2c.o
                0x080037f8                HAL_I2C_AddrCallback
 .text.HAL_I2C_ListenCpltCallback
                0x080037fa        0x2 Drivers\STM32F0xx_HAL_Driver\Src\stm32f0xx_hal_i2c.o
                0x080037fa                HAL_I2C_ListenCpltCallback
 .text.I2C_ITListenCplt
                0x080037fc       0x64 Drivers\STM32F0xx_HAL_Driver\Src\stm32f0xx_hal_i2c.o
 .text.HAL_I2C_ErrorCallback
                0x08003860        0x2 Drivers\STM32F0xx_HAL_Driver\Src\stm32f0xx_hal_i2c.o
                0x08003860                HAL_I2C_ErrorCallback
 .text.HAL_I2C_AbortCpltCallback
                0x08003862        0x2 Drivers\STM32F0xx_HAL_Driver\Src\stm32f0xx_hal_i2c.o
                0x08003862                HAL_I2C_AbortCpltCallback
 .text.I2C_ITError
                0x08003864       0xe0 Drivers\STM32F0xx_HAL_Driver\Src\stm32f0xx_hal_i2c.o
 .text.I2C_ITSlaveCplt
                0x08003944       0xf8 Drivers\STM32F0xx_HAL_Driver\Src\stm32f0xx_hal_i2c.o
 .text.I2C_Slave_ISR_IT
                0x08003a3c      0x1d0 Drivers\STM32F0xx_HAL_Driver\Src\stm32f0xx_hal_i2c.o
 .text.HAL_I2C_ER_IRQHandler
                0x08003c0c       0x5a Drivers\STM32F0xx_HAL_Driver\Src\stm32f0xx_hal_i2c.o
                0x08003c0c                HAL_I2C_ER_IRQHandler
 .text.I2C_DMAAbort
                0x08003c66       0x34 Drivers\STM32F0xx_HAL_Driver\Src\stm32f0xx_hal_i2c.o
 .text.HAL_I2C_GetError
                0x08003c9a        0x4 Drivers\STM32F0xx_HAL_Driver\Src\stm32f0xx_hal_i2c.o
                0x08003c9a                HAL_I2C_GetError
 *fill*         0x08003c9e        0x2 
 .text.HAL_I2CEx_ConfigAnalogFilter
                0x08003ca0       0x4c Drivers\STM32F0xx_HAL_Driver\Src\stm32f0xx_hal_i2c_ex.o
                0x08003ca0                HAL_I2CEx_ConfigAnalogFilter
 .text.HAL_I2CEx_ConfigDigitalFilter
                0x08003cec       0x48 Drivers\STM32F0xx_HAL_Driver\Src\stm32f0xx_hal_i2c_ex.o
                0x08003cec                HAL_I2CEx_ConfigDigitalFilter
 .text.HAL_RCC_OscConfig
                0x08003d34      0x3c4 Drivers\STM32F0xx_HAL_Driver\Src\stm32f0xx_hal_rcc.o
                0x08003d34                HAL_RCC_OscConfig
 .text.HAL_RCC_GetSysClockFreq
                0x080040f8       0x64 Drivers\STM32F0xx_HAL_Driver\Src\stm32f0xx_hal_rcc.o
                0x080040f8                HAL_RCC_GetSysClockFreq
 .text.HAL_RCC_ClockConfig
                0x0800415c      0x12c Drivers\STM32F0xx_HAL_Driver\Src\stm32f0xx_hal_rcc.o
                0x0800415c                HAL_RCC_ClockConfig
 .text.HAL_RCC_GetHCLKFreq
                0x08004288        0xc Drivers\STM32F0xx_HAL_Driver\Src\stm32f0xx_hal_rcc.o
                0x08004288                HAL_RCC_GetHCLKFreq
 .text.HAL_RCC_GetPCLK1Freq
                0x08004294       0x20 Drivers\STM32F0xx_HAL_Driver\Src\stm32f0xx_hal_rcc.o
                0x08004294                HAL_RCC_GetPCLK1Freq
 .text.HAL_RCCEx_PeriphCLKConfig
                0x080042b4      0x118 Drivers\STM32F0xx_HAL_Driver\Src\stm32f0xx_hal_rcc_ex.o
                0x080042b4                HAL_RCCEx_PeriphCLKConfig
 .text.HAL_TIM_Base_Start_IT
                0x080043cc       0x14 Drivers\STM32F0xx_HAL_Driver\Src\stm32f0xx_hal_tim.o
                0x080043cc                HAL_TIM_Base_Start_IT
 .text.HAL_TIM_OC_DelayElapsedCallback
                0x080043e0        0x2 Drivers\STM32F0xx_HAL_Driver\Src\stm32f0xx_hal_tim.o
                0x080043e0                HAL_TIM_OC_DelayElapsedCallback
 .text.HAL_TIM_IC_CaptureCallback
                0x080043e2        0x2 Drivers\STM32F0xx_HAL_Driver\Src\stm32f0xx_hal_tim.o
                0x080043e2                HAL_TIM_IC_CaptureCallback
 .text.HAL_TIM_PWM_PulseFinishedCallback
                0x080043e4        0x2 Drivers\STM32F0xx_HAL_Driver\Src\stm32f0xx_hal_tim.o
                0x080043e4                HAL_TIM_PWM_PulseFinishedCallback
 .text.HAL_TIM_TriggerCallback
                0x080043e6        0x2 Drivers\STM32F0xx_HAL_Driver\Src\stm32f0xx_hal_tim.o
                0x080043e6                HAL_TIM_TriggerCallback
 .text.HAL_TIM_IRQHandler
                0x080043e8      0x148 Drivers\STM32F0xx_HAL_Driver\Src\stm32f0xx_hal_tim.o
                0x080043e8                HAL_TIM_IRQHandler
 .text.TIM_Base_SetConfig
                0x08004530       0xa0 Drivers\STM32F0xx_HAL_Driver\Src\stm32f0xx_hal_tim.o
                0x08004530                TIM_Base_SetConfig
 .text.HAL_TIM_Base_Init
                0x080045d0       0x36 Drivers\STM32F0xx_HAL_Driver\Src\stm32f0xx_hal_tim.o
                0x080045d0                HAL_TIM_Base_Init
 *fill*         0x08004606        0x2 
 .text.TIM_ETR_SetConfig
                0x08004608       0x18 Drivers\STM32F0xx_HAL_Driver\Src\stm32f0xx_hal_tim.o
                0x08004608                TIM_ETR_SetConfig
 .text.HAL_TIM_ConfigClockSource
                0x08004620      0x168 Drivers\STM32F0xx_HAL_Driver\Src\stm32f0xx_hal_tim.o
                0x08004620                HAL_TIM_ConfigClockSource
 .text.HAL_TIMEx_MasterConfigSynchronization
                0x08004788       0x42 Drivers\STM32F0xx_HAL_Driver\Src\stm32f0xx_hal_tim_ex.o
                0x08004788                HAL_TIMEx_MasterConfigSynchronization
 .text.HAL_TIMEx_CommutationCallback
                0x080047ca        0x2 Drivers\STM32F0xx_HAL_Driver\Src\stm32f0xx_hal_tim_ex.o
                0x080047ca                HAL_TIMEx_CommutationCallback
 .text.HAL_TIMEx_BreakCallback
                0x080047cc        0x2 Drivers\STM32F0xx_HAL_Driver\Src\stm32f0xx_hal_tim_ex.o
                0x080047cc                HAL_TIMEx_BreakCallback
 *fill*         0x080047ce        0x2 
 .text.UART_EndRxTransfer
                0x080047d0       0x20 Drivers\STM32F0xx_HAL_Driver\Src\stm32f0xx_hal_uart.o
 .text.HAL_UART_Transmit_IT
                0x080047f0       0x5c Drivers\STM32F0xx_HAL_Driver\Src\stm32f0xx_hal_uart.o
                0x080047f0                HAL_UART_Transmit_IT
 .text.HAL_UART_TxCpltCallback
                0x0800484c        0x2 Drivers\STM32F0xx_HAL_Driver\Src\stm32f0xx_hal_uart.o
                0x0800484c                HAL_UART_TxCpltCallback
 .text.HAL_UART_RxCpltCallback
                0x0800484e        0x2 Drivers\STM32F0xx_HAL_Driver\Src\stm32f0xx_hal_uart.o
                0x0800484e                HAL_UART_RxCpltCallback
 .text.HAL_UART_ErrorCallback
                0x08004850        0x2 Drivers\STM32F0xx_HAL_Driver\Src\stm32f0xx_hal_uart.o
                0x08004850                HAL_UART_ErrorCallback
 .text.UART_DMAAbortOnError
                0x08004852       0x16 Drivers\STM32F0xx_HAL_Driver\Src\stm32f0xx_hal_uart.o
 .text.UART_SetConfig
                0x08004868      0x134 Drivers\STM32F0xx_HAL_Driver\Src\stm32f0xx_hal_uart.o
                0x08004868                UART_SetConfig
 .text.UART_AdvFeatureConfig
                0x0800499c       0xd0 Drivers\STM32F0xx_HAL_Driver\Src\stm32f0xx_hal_uart.o
                0x0800499c                UART_AdvFeatureConfig
 .text.UART_WaitOnFlagUntilTimeout
                0x08004a6c       0x64 Drivers\STM32F0xx_HAL_Driver\Src\stm32f0xx_hal_uart.o
                0x08004a6c                UART_WaitOnFlagUntilTimeout
 .text.UART_CheckIdleState
                0x08004ad0       0x70 Drivers\STM32F0xx_HAL_Driver\Src\stm32f0xx_hal_uart.o
                0x08004ad0                UART_CheckIdleState
 .text.HAL_UART_Init
                0x08004b40       0x6c Drivers\STM32F0xx_HAL_Driver\Src\stm32f0xx_hal_uart.o
                0x08004b40                HAL_UART_Init
 .text.UART_Transmit_IT
                0x08004bac       0x64 Drivers\STM32F0xx_HAL_Driver\Src\stm32f0xx_hal_uart.o
                0x08004bac                UART_Transmit_IT
 .text.UART_EndTransmit_IT
                0x08004c10       0x1c Drivers\STM32F0xx_HAL_Driver\Src\stm32f0xx_hal_uart.o
                0x08004c10                UART_EndTransmit_IT
 .text.UART_Receive_IT
                0x08004c2c       0x7c Drivers\STM32F0xx_HAL_Driver\Src\stm32f0xx_hal_uart.o
                0x08004c2c                UART_Receive_IT
 .text.HAL_UART_IRQHandler
                0x08004ca8      0x138 Drivers\STM32F0xx_HAL_Driver\Src\stm32f0xx_hal_uart.o
                0x08004ca8                HAL_UART_IRQHandler
 .text.HAL_UARTEx_WakeupCallback
                0x08004de0        0x2 Drivers\STM32F0xx_HAL_Driver\Src\stm32f0xx_hal_uart_ex.o
                0x08004de0                HAL_UARTEx_WakeupCallback
 *fill*         0x08004de2        0x2 
 .text.TM_GPIO_INT_Init
                0x08004de4       0x84 Drivers\STM32F0xx_HAL_Driver\Src\tm_stm32_gpio.o
                0x08004de4                TM_GPIO_INT_Init
 .text.TM_GPIO_InitAlternate
                0x08004e68       0x58 Drivers\STM32F0xx_HAL_Driver\Src\tm_stm32_gpio.o
                0x08004e68                TM_GPIO_InitAlternate
 .text.TM_I2C_GetHandle
                0x08004ec0       0x28 Drivers\STM32F0xx_HAL_Driver\Src\tm_stm32_i2c.o
                0x08004ec0                TM_I2C_GetHandle
 .text.TM_I2C_Read
                0x08004ee8       0x4c Drivers\STM32F0xx_HAL_Driver\Src\tm_stm32_i2c.o
                0x08004ee8                TM_I2C_Read
 .text.TM_I2C_Write
                0x08004f34       0x38 Drivers\STM32F0xx_HAL_Driver\Src\tm_stm32_i2c.o
                0x08004f34                TM_I2C_Write
 .text.TM_I2C_IsDeviceConnected
                0x08004f6c       0x1a Drivers\STM32F0xx_HAL_Driver\Src\tm_stm32_i2c.o
                0x08004f6c                TM_I2C_IsDeviceConnected
 .text.TM_I2C_InitCustomPinsCallback
                0x08004f86        0x2 Drivers\STM32F0xx_HAL_Driver\Src\tm_stm32_i2c.o
                0x08004f86                TM_I2C_InitCustomPinsCallback
 .text.TM_I2C_Init
                0x08004f88       0xf0 Drivers\STM32F0xx_HAL_Driver\Src\tm_stm32_i2c.o
                0x08004f88                TM_I2C_Init
 .text.TM_MPU6050_SetGyroscope
                0x08005078       0x64 Drivers\STM32F0xx_HAL_Driver\Src\tm_stm32_mpu6050.o
                0x08005078                TM_MPU6050_SetGyroscope
 .text.TM_MPU6050_SetAccelerometer
                0x080050dc       0x58 Drivers\STM32F0xx_HAL_Driver\Src\tm_stm32_mpu6050.o
                0x080050dc                TM_MPU6050_SetAccelerometer
 .text.TM_MPU6050_SetDataRate
                0x08005134       0x1c Drivers\STM32F0xx_HAL_Driver\Src\tm_stm32_mpu6050.o
                0x08005134                TM_MPU6050_SetDataRate
 .text.TM_MPU6050_Init
                0x08005150       0x78 Drivers\STM32F0xx_HAL_Driver\Src\tm_stm32_mpu6050.o
                0x08005150                TM_MPU6050_Init
 .text.MX_GPIO_Init
                0x080051c8       0x80 Src\gpio.o
                0x080051c8                MX_GPIO_Init
 .text.MX_I2C1_Init
                0x08005248       0x6c Src\i2c.o
                0x08005248                MX_I2C1_Init
 .text.HAL_I2C_MspInit
                0x080052b4       0x58 Src\i2c.o
                0x080052b4                HAL_I2C_MspInit
 .text.SystemClock_Config
                0x0800530c       0x7c Src\main.o
                0x0800530c                SystemClock_Config
 .text.startup.main
                0x08005388       0x7c Src\main.o
                0x08005388                main
 .text.kalman_filter
                0x08005404       0x8c Src\main.o
                0x08005404                kalman_filter
 .text.read_MPU6050_data
                0x08005490      0x124 Src\main.o
                0x08005490                read_MPU6050_data
 .text.read_Accolemetre
                0x080055b4      0x218 Src\main.o
                0x080055b4                read_Accolemetre
 .text.read_Gyroscope
                0x080057cc      0x158 Src\main.o
                0x080057cc                read_Gyroscope
 .text.HAL_TIM_PeriodElapsedCallback
                0x08005924      0x2f8 Src\main.o
                0x08005924                HAL_TIM_PeriodElapsedCallback
 .text._Error_Handler
                0x08005c1c        0x2 Src\main.o
                0x08005c1c                _Error_Handler
 *fill*         0x08005c1e        0x2 
 .text.HAL_MspInit
                0x08005c20       0x50 Src\stm32f0xx_hal_msp.o
                0x08005c20                HAL_MspInit
 .text.NMI_Handler
                0x08005c70        0x2 Src\stm32f0xx_it.o
                0x08005c70                NMI_Handler
 .text.HardFault_Handler
                0x08005c72        0x2 Src\stm32f0xx_it.o
                0x08005c72                HardFault_Handler
 .text.SVC_Handler
                0x08005c74        0x2 Src\stm32f0xx_it.o
                0x08005c74                SVC_Handler
 .text.PendSV_Handler
                0x08005c76        0x2 Src\stm32f0xx_it.o
                0x08005c76                PendSV_Handler
 .text.SysTick_Handler
                0x08005c78        0xc Src\stm32f0xx_it.o
                0x08005c78                SysTick_Handler
 .text.TIM2_IRQHandler
                0x08005c84       0x10 Src\stm32f0xx_it.o
                0x08005c84                TIM2_IRQHandler
 .text.I2C1_IRQHandler
                0x08005c94       0x20 Src\stm32f0xx_it.o
                0x08005c94                I2C1_IRQHandler
 .text.USART1_IRQHandler
                0x08005cb4       0x10 Src\stm32f0xx_it.o
                0x08005cb4                USART1_IRQHandler
 .text.SystemInit
                0x08005cc4       0x60 Src\system_stm32f0xx.o
                0x08005cc4                SystemInit
 .text.MX_TIM2_Init
                0x08005d24       0x78 Src\tim.o
                0x08005d24                MX_TIM2_Init
 .text.HAL_TIM_Base_MspInit
                0x08005d9c       0x34 Src\tim.o
                0x08005d9c                HAL_TIM_Base_MspInit
 .text.MX_USART1_UART_Init
                0x08005dd0       0x40 Src\usart.o
                0x08005dd0                MX_USART1_UART_Init
 .text.HAL_UART_MspInit
                0x08005e10       0x5c Src\usart.o
                0x08005e10                HAL_UART_MspInit
 .text.Reset_Handler
                0x08005e6c       0x50 startup\startup_stm32f051x8.o
                0x08005e6c                Reset_Handler
 .text.Default_Handler
                0x08005ebc        0x2 startup\startup_stm32f051x8.o
                0x08005ebc                TIM1_CC_IRQHandler
                0x08005ebc                TSC_IRQHandler
                0x08005ebc                ADC1_COMP_IRQHandler
                0x08005ebc                PVD_IRQHandler
                0x08005ebc                RCC_CRS_IRQHandler
                0x08005ebc                SPI1_IRQHandler
                0x08005ebc                TIM6_DAC_IRQHandler
                0x08005ebc                EXTI2_3_IRQHandler
                0x08005ebc                I2C2_IRQHandler
                0x08005ebc                TIM17_IRQHandler
                0x08005ebc                CEC_CAN_IRQHandler
                0x08005ebc                RTC_IRQHandler
                0x08005ebc                TIM16_IRQHandler
                0x08005ebc                TIM3_IRQHandler
                0x08005ebc                EXTI4_15_IRQHandler
                0x08005ebc                DMA1_Channel1_IRQHandler
                0x08005ebc                Default_Handler
                0x08005ebc                TIM14_IRQHandler
                0x08005ebc                DMA1_Channel4_5_IRQHandler
                0x08005ebc                TIM15_IRQHandler
                0x08005ebc                EXTI0_1_IRQHandler
                0x08005ebc                SPI2_IRQHandler
                0x08005ebc                WWDG_IRQHandler
                0x08005ebc                DMA1_Channel2_3_IRQHandler
                0x08005ebc                USART2_IRQHandler
                0x08005ebc                FLASH_IRQHandler
                0x08005ebc                TIM1_BRK_UP_TRG_COM_IRQHandler
 *fill*         0x08005ebe        0x2 
 .text.__libc_init_array
                0x08005ec0       0x48 c:/program files (x86)/atollic/truestudio for stm32 9.0.1/armtools/bin/../lib/gcc/arm-atollic-eabi/6.3.1/../../../../arm-atollic-eabi/lib/armv6-m\libc_nano.a(lib_a-init.o)
                0x08005ec0                __libc_init_array
 .text.memcpy   0x08005f08       0x12 c:/program files (x86)/atollic/truestudio for stm32 9.0.1/armtools/bin/../lib/gcc/arm-atollic-eabi/6.3.1/../../../../arm-atollic-eabi/lib/armv6-m\libc_nano.a(lib_a-memcpy-stub.o)
                0x08005f08                memcpy
 .text.__cvt    0x08005f1a       0xc8 c:/program files (x86)/atollic/truestudio for stm32 9.0.1/armtools/bin/../lib/gcc/arm-atollic-eabi/6.3.1/../../../../arm-atollic-eabi/lib/armv6-m\libc_nano.a(lib_a-nano-vfprintf_float.o)
                0x08005f1a                __cvt
 .text.__exponent
                0x08005fe2       0x70 c:/program files (x86)/atollic/truestudio for stm32 9.0.1/armtools/bin/../lib/gcc/arm-atollic-eabi/6.3.1/../../../../arm-atollic-eabi/lib/armv6-m\libc_nano.a(lib_a-nano-vfprintf_float.o)
                0x08005fe2                __exponent
 *fill*         0x08006052        0x2 
 .text._printf_float
                0x08006054      0x498 c:/program files (x86)/atollic/truestudio for stm32 9.0.1/armtools/bin/../lib/gcc/arm-atollic-eabi/6.3.1/../../../../arm-atollic-eabi/lib/armv6-m\libc_nano.a(lib_a-nano-vfprintf_float.o)
                0x08006054                _printf_float
 .text._printf_common
                0x080064ec       0xda c:/program files (x86)/atollic/truestudio for stm32 9.0.1/armtools/bin/../lib/gcc/arm-atollic-eabi/6.3.1/../../../../arm-atollic-eabi/lib/armv6-m\libc_nano.a(lib_a-nano-vfprintf_i.o)
                0x080064ec                _printf_common
 .text.quorem   0x080065c6      0x108 c:/program files (x86)/atollic/truestudio for stm32 9.0.1/armtools/bin/../lib/gcc/arm-atollic-eabi/6.3.1/../../../../arm-atollic-eabi/lib/armv6-m\libc_nano.a(lib_a-dtoa.o)
 *fill*         0x080066ce        0x2 
 .text._dtoa_r  0x080066d0      0xbd0 c:/program files (x86)/atollic/truestudio for stm32 9.0.1/armtools/bin/../lib/gcc/arm-atollic-eabi/6.3.1/../../../../arm-atollic-eabi/lib/armv6-m\libc_nano.a(lib_a-dtoa.o)
                0x080066d0                _dtoa_r
 .text._localeconv_r
                0x080072a0       0x18 c:/program files (x86)/atollic/truestudio for stm32 9.0.1/armtools/bin/../lib/gcc/arm-atollic-eabi/6.3.1/../../../../arm-atollic-eabi/lib/armv6-m\libc_nano.a(lib_a-localeconv.o)
                0x080072a0                _localeconv_r
 .text.malloc   0x080072b8       0x14 c:/program files (x86)/atollic/truestudio for stm32 9.0.1/armtools/bin/../lib/gcc/arm-atollic-eabi/6.3.1/../../../../arm-atollic-eabi/lib/armv6-m\libc_nano.a(lib_a-malloc.o)
                0x080072b8                malloc
 .text._Balloc  0x080072cc       0x70 c:/program files (x86)/atollic/truestudio for stm32 9.0.1/armtools/bin/../lib/gcc/arm-atollic-eabi/6.3.1/../../../../arm-atollic-eabi/lib/armv6-m\libc_nano.a(lib_a-mprec.o)
                0x080072cc                _Balloc
 .text._Bfree   0x0800733c       0x32 c:/program files (x86)/atollic/truestudio for stm32 9.0.1/armtools/bin/../lib/gcc/arm-atollic-eabi/6.3.1/../../../../arm-atollic-eabi/lib/armv6-m\libc_nano.a(lib_a-mprec.o)
                0x0800733c                _Bfree
 .text.__multadd
                0x0800736e       0x78 c:/program files (x86)/atollic/truestudio for stm32 9.0.1/armtools/bin/../lib/gcc/arm-atollic-eabi/6.3.1/../../../../arm-atollic-eabi/lib/armv6-m\libc_nano.a(lib_a-mprec.o)
                0x0800736e                __multadd
 .text.__hi0bits
                0x080073e6       0x34 c:/program files (x86)/atollic/truestudio for stm32 9.0.1/armtools/bin/../lib/gcc/arm-atollic-eabi/6.3.1/../../../../arm-atollic-eabi/lib/armv6-m\libc_nano.a(lib_a-mprec.o)
                0x080073e6                __hi0bits
 .text.__lo0bits
                0x0800741a       0x5e c:/program files (x86)/atollic/truestudio for stm32 9.0.1/armtools/bin/../lib/gcc/arm-atollic-eabi/6.3.1/../../../../arm-atollic-eabi/lib/armv6-m\libc_nano.a(lib_a-mprec.o)
                0x0800741a                __lo0bits
 .text.__i2b    0x08007478       0x12 c:/program files (x86)/atollic/truestudio for stm32 9.0.1/armtools/bin/../lib/gcc/arm-atollic-eabi/6.3.1/../../../../arm-atollic-eabi/lib/armv6-m\libc_nano.a(lib_a-mprec.o)
                0x08007478                __i2b
 .text.__multiply
                0x0800748a      0x11e c:/program files (x86)/atollic/truestudio for stm32 9.0.1/armtools/bin/../lib/gcc/arm-atollic-eabi/6.3.1/../../../../arm-atollic-eabi/lib/armv6-m\libc_nano.a(lib_a-mprec.o)
                0x0800748a                __multiply
 .text.__pow5mult
                0x080075a8       0xa4 c:/program files (x86)/atollic/truestudio for stm32 9.0.1/armtools/bin/../lib/gcc/arm-atollic-eabi/6.3.1/../../../../arm-atollic-eabi/lib/armv6-m\libc_nano.a(lib_a-mprec.o)
                0x080075a8                __pow5mult
 .text.__lshift
                0x0800764c       0xa2 c:/program files (x86)/atollic/truestudio for stm32 9.0.1/armtools/bin/../lib/gcc/arm-atollic-eabi/6.3.1/../../../../arm-atollic-eabi/lib/armv6-m\libc_nano.a(lib_a-mprec.o)
                0x0800764c                __lshift
 .text.__mcmp   0x080076ee       0x32 c:/program files (x86)/atollic/truestudio for stm32 9.0.1/armtools/bin/../lib/gcc/arm-atollic-eabi/6.3.1/../../../../arm-atollic-eabi/lib/armv6-m\libc_nano.a(lib_a-mprec.o)
                0x080076ee                __mcmp
 .text.__mdiff  0x08007720       0xc8 c:/program files (x86)/atollic/truestudio for stm32 9.0.1/armtools/bin/../lib/gcc/arm-atollic-eabi/6.3.1/../../../../arm-atollic-eabi/lib/armv6-m\libc_nano.a(lib_a-mprec.o)
                0x08007720                __mdiff
 .text.__d2b    0x080077e8       0xa8 c:/program files (x86)/atollic/truestudio for stm32 9.0.1/armtools/bin/../lib/gcc/arm-atollic-eabi/6.3.1/../../../../arm-atollic-eabi/lib/armv6-m\libc_nano.a(lib_a-mprec.o)
                0x080077e8                __d2b
 .text._calloc_r
                0x08007890       0x1c c:/program files (x86)/atollic/truestudio for stm32 9.0.1/armtools/bin/../lib/gcc/arm-atollic-eabi/6.3.1/../../../../arm-atollic-eabi/lib/armv6-m\libc_nano.a(lib_a-nano-callocr.o)
                0x08007890                _calloc_r
 .text._malloc_r
                0x080078ac       0xbc c:/program files (x86)/atollic/truestudio for stm32 9.0.1/armtools/bin/../lib/gcc/arm-atollic-eabi/6.3.1/../../../../arm-atollic-eabi/lib/armv6-m\libc_nano.a(lib_a-nano-mallocr.o)
                0x080078ac                _malloc_r
 .text._sbrk_r  0x08007968       0x24 c:/program files (x86)/atollic/truestudio for stm32 9.0.1/armtools/bin/../lib/gcc/arm-atollic-eabi/6.3.1/../../../../arm-atollic-eabi/lib/armv6-m\libc_nano.a(lib_a-sbrkr.o)
                0x08007968                _sbrk_r
 .text.__ascii_mbtowc
                0x0800798c       0x24 c:/program files (x86)/atollic/truestudio for stm32 9.0.1/armtools/bin/../lib/gcc/arm-atollic-eabi/6.3.1/../../../../arm-atollic-eabi/lib/armv6-m\libc_nano.a(lib_a-mbtowc_r.o)
                0x0800798c                __ascii_mbtowc
 .text.memset   0x080079b0       0x10 c:/program files (x86)/atollic/truestudio for stm32 9.0.1/armtools/bin/../lib/gcc/arm-atollic-eabi/6.3.1/../../../../arm-atollic-eabi/lib/armv6-m\libc_nano.a(lib_a-memset.o)
                0x080079b0                memset
 .text.__malloc_lock
                0x080079c0        0x2 c:/program files (x86)/atollic/truestudio for stm32 9.0.1/armtools/bin/../lib/gcc/arm-atollic-eabi/6.3.1/../../../../arm-atollic-eabi/lib/armv6-m\libc_nano.a(lib_a-mlock.o)
                0x080079c0                __malloc_lock
 .text.__malloc_unlock
                0x080079c2        0x2 c:/program files (x86)/atollic/truestudio for stm32 9.0.1/armtools/bin/../lib/gcc/arm-atollic-eabi/6.3.1/../../../../arm-atollic-eabi/lib/armv6-m\libc_nano.a(lib_a-mlock.o)
                0x080079c2                __malloc_unlock
 .text.__ascii_wctomb
                0x080079c4       0x18 c:/program files (x86)/atollic/truestudio for stm32 9.0.1/armtools/bin/../lib/gcc/arm-atollic-eabi/6.3.1/../../../../arm-atollic-eabi/lib/armv6-m\libc_nano.a(lib_a-wctomb_r.o)
                0x080079c4                __ascii_wctomb
 .text.atan     0x080079dc      0x310 c:/program files (x86)/atollic/truestudio for stm32 9.0.1/armtools/bin/../lib/gcc/arm-atollic-eabi/6.3.1/../../../../arm-atollic-eabi/lib/armv6-m\libm.a(lib_a-s_atan.o)
                0x080079dc                atan
 .text.fabs     0x08007cec        0x8 c:/program files (x86)/atollic/truestudio for stm32 9.0.1/armtools/bin/../lib/gcc/arm-atollic-eabi/6.3.1/../../../../arm-atollic-eabi/lib/armv6-m\libm.a(lib_a-s_fabs.o)
                0x08007cec                fabs
 .text.sqrt     0x08007cf4       0xb4 c:/program files (x86)/atollic/truestudio for stm32 9.0.1/armtools/bin/../lib/gcc/arm-atollic-eabi/6.3.1/../../../../arm-atollic-eabi/lib/armv6-m\libm.a(lib_a-w_sqrt.o)
                0x08007cf4                sqrt
 .text.__ieee754_sqrt
                0x08007da8      0x160 c:/program files (x86)/atollic/truestudio for stm32 9.0.1/armtools/bin/../lib/gcc/arm-atollic-eabi/6.3.1/../../../../arm-atollic-eabi/lib/armv6-m\libm.a(lib_a-e_sqrt.o)
                0x08007da8                __ieee754_sqrt
 .text.matherr  0x08007f08        0x4 c:/program files (x86)/atollic/truestudio for stm32 9.0.1/armtools/bin/../lib/gcc/arm-atollic-eabi/6.3.1/../../../../arm-atollic-eabi/lib/armv6-m\libm.a(lib_a-s_matherr.o)
                0x08007f08                matherr
 .text.__errno  0x08007f0c        0xc c:/program files (x86)/atollic/truestudio for stm32 9.0.1/armtools/bin/../lib/gcc/arm-atollic-eabi/6.3.1/../../../../arm-atollic-eabi/lib/armv6-m\libc_nano.a(lib_a-errno.o)
                0x08007f0c                __errno
 .text._sbrk    0x08007f18       0x20 c:/program files (x86)/atollic/truestudio for stm32 9.0.1/armtools/bin/../lib/gcc/arm-atollic-eabi/6.3.1/../../../../arm-atollic-eabi/lib/armv6-m\libnosys.a(sbrk.o)
                0x08007f18                _sbrk
 *(.glue_7)
 .glue_7        0x08007f38        0x0 linker stubs
 *(.glue_7t)
 .glue_7t       0x08007f38        0x0 linker stubs
 *(.eh_frame)
 .eh_frame      0x08007f38        0x0 c:/program files (x86)/atollic/truestudio for stm32 9.0.1/armtools/bin/../lib/gcc/arm-atollic-eabi/6.3.1/armv6-m/crtbegin.o
 *(.init)
 .init          0x08007f38        0x4 c:/program files (x86)/atollic/truestudio for stm32 9.0.1/armtools/bin/../lib/gcc/arm-atollic-eabi/6.3.1/armv6-m/crti.o
                0x08007f38                _init
 .init          0x08007f3c        0x8 c:/program files (x86)/atollic/truestudio for stm32 9.0.1/armtools/bin/../lib/gcc/arm-atollic-eabi/6.3.1/armv6-m/crtn.o
 *(.fini)
 .fini          0x08007f44        0x4 c:/program files (x86)/atollic/truestudio for stm32 9.0.1/armtools/bin/../lib/gcc/arm-atollic-eabi/6.3.1/armv6-m/crti.o
                0x08007f44                _fini
 .fini          0x08007f48        0x8 c:/program files (x86)/atollic/truestudio for stm32 9.0.1/armtools/bin/../lib/gcc/arm-atollic-eabi/6.3.1/armv6-m/crtn.o
                0x08007f50                . = ALIGN (0x4)
                0x08007f50                _etext = .

.vfp11_veneer   0x08007f50        0x0
 .vfp11_veneer  0x08007f50        0x0 linker stubs

.v4_bx          0x08007f50        0x0
 .v4_bx         0x08007f50        0x0 linker stubs

.iplt           0x08007f50        0x0
 .iplt          0x08007f50        0x0 c:/program files (x86)/atollic/truestudio for stm32 9.0.1/armtools/bin/../lib/gcc/arm-atollic-eabi/6.3.1/armv6-m/crtbegin.o

.rodata         0x08007f50      0x418
                0x08007f50                . = ALIGN (0x4)
 *(.rodata)
 .rodata        0x08007f50       0x20 Drivers\STM32F0xx_HAL_Driver\Src\stm32f0xx_hal_rcc.o
 .rodata        0x08007f70       0x80 c:/program files (x86)/atollic/truestudio for stm32 9.0.1/armtools/bin/../lib/gcc/arm-atollic-eabi/6.3.1/armv6-m\libgcc.a(divsf3.o)
 .rodata        0x08007ff0       0x40 c:/program files (x86)/atollic/truestudio for stm32 9.0.1/armtools/bin/../lib/gcc/arm-atollic-eabi/6.3.1/armv6-m\libgcc.a(mulsf3.o)
 .rodata        0x08008030       0x40 c:/program files (x86)/atollic/truestudio for stm32 9.0.1/armtools/bin/../lib/gcc/arm-atollic-eabi/6.3.1/armv6-m\libgcc.a(divdf3.o)
 .rodata        0x08008070       0x40 c:/program files (x86)/atollic/truestudio for stm32 9.0.1/armtools/bin/../lib/gcc/arm-atollic-eabi/6.3.1/armv6-m\libgcc.a(muldf3.o)
 *(.rodata*)
 .rodata.CSWTCH.50
                0x080080b0        0x4 Drivers\STM32F0xx_HAL_Driver\Src\stm32f0xx_hal_uart.o
 .rodata.MX_I2C1_Init.str1.1
                0x080080b4        0xd Src\i2c.o
 .rodata.AHBPrescTable
                0x080080c1       0x10 Src\system_stm32f0xx.o
                0x080080c1                AHBPrescTable
 .rodata.APBPrescTable
                0x080080d1        0x8 Src\system_stm32f0xx.o
                0x080080d1                APBPrescTable
 .rodata.MX_TIM2_Init.str1.1
                0x080080d9        0xd Src\tim.o
 .rodata.MX_USART1_UART_Init.str1.1
                0x080080e6        0xf Src\usart.o
 .rodata._printf_float.str1.1
                0x080080f5       0x12 c:/program files (x86)/atollic/truestudio for stm32 9.0.1/armtools/bin/../lib/gcc/arm-atollic-eabi/6.3.1/../../../../arm-atollic-eabi/lib/armv6-m\libc_nano.a(lib_a-nano-vfprintf_float.o)
 .rodata._dtoa_r.str1.1
                0x08008107        0xd c:/program files (x86)/atollic/truestudio for stm32 9.0.1/armtools/bin/../lib/gcc/arm-atollic-eabi/6.3.1/../../../../arm-atollic-eabi/lib/armv6-m\libc_nano.a(lib_a-dtoa.o)
                                  0xf (size before relaxing)
 *fill*         0x08008114        0x4 
 .rodata.__mprec_bigtens
                0x08008118       0x28 c:/program files (x86)/atollic/truestudio for stm32 9.0.1/armtools/bin/../lib/gcc/arm-atollic-eabi/6.3.1/../../../../arm-atollic-eabi/lib/armv6-m\libc_nano.a(lib_a-mprec.o)
                0x08008118                __mprec_bigtens
 .rodata.__mprec_tens
                0x08008140       0xc8 c:/program files (x86)/atollic/truestudio for stm32 9.0.1/armtools/bin/../lib/gcc/arm-atollic-eabi/6.3.1/../../../../arm-atollic-eabi/lib/armv6-m\libc_nano.a(lib_a-mprec.o)
                0x08008140                __mprec_tens
 .rodata.p05.6052
                0x08008208        0xc c:/program files (x86)/atollic/truestudio for stm32 9.0.1/armtools/bin/../lib/gcc/arm-atollic-eabi/6.3.1/../../../../arm-atollic-eabi/lib/armv6-m\libc_nano.a(lib_a-mprec.o)
 .rodata._setlocale_r.str1.1
                0x08008214        0x8 c:/program files (x86)/atollic/truestudio for stm32 9.0.1/armtools/bin/../lib/gcc/arm-atollic-eabi/6.3.1/../../../../arm-atollic-eabi/lib/armv6-m\libc_nano.a(lib_a-locale.o)
                                  0x9 (size before relaxing)
 .rodata.str1.1
                0x0800821c        0x2 c:/program files (x86)/atollic/truestudio for stm32 9.0.1/armtools/bin/../lib/gcc/arm-atollic-eabi/6.3.1/../../../../arm-atollic-eabi/lib/armv6-m\libc_nano.a(lib_a-locale.o)
 .rodata._ctype_
                0x0800821e      0x101 c:/program files (x86)/atollic/truestudio for stm32 9.0.1/armtools/bin/../lib/gcc/arm-atollic-eabi/6.3.1/../../../../arm-atollic-eabi/lib/armv6-m\libc_nano.a(lib_a-ctype_.o)
                0x0800821e                _ctype_
 *fill*         0x0800831f        0x1 
 .rodata.atanhi
                0x08008320       0x20 c:/program files (x86)/atollic/truestudio for stm32 9.0.1/armtools/bin/../lib/gcc/arm-atollic-eabi/6.3.1/../../../../arm-atollic-eabi/lib/armv6-m\libm.a(lib_a-s_atan.o)
 .rodata.atanlo
                0x08008340       0x20 c:/program files (x86)/atollic/truestudio for stm32 9.0.1/armtools/bin/../lib/gcc/arm-atollic-eabi/6.3.1/../../../../arm-atollic-eabi/lib/armv6-m\libm.a(lib_a-s_atan.o)
 .rodata.sqrt.str1.1
                0x08008360        0x5 c:/program files (x86)/atollic/truestudio for stm32 9.0.1/armtools/bin/../lib/gcc/arm-atollic-eabi/6.3.1/../../../../arm-atollic-eabi/lib/armv6-m\libm.a(lib_a-w_sqrt.o)
                0x08008368                . = ALIGN (0x4)
 *fill*         0x08008365        0x3 

.rel.dyn        0x08008368        0x0
 .rel.iplt      0x08008368        0x0 c:/program files (x86)/atollic/truestudio for stm32 9.0.1/armtools/bin/../lib/gcc/arm-atollic-eabi/6.3.1/armv6-m/crtbegin.o

.ARM.extab
 *(.ARM.extab* .gnu.linkonce.armextab.*)

.ARM            0x08008368        0x0
                0x08008368                __exidx_start = .
 *(.ARM.exidx*)
                0x08008368                __exidx_end = .

.preinit_array  0x08008368        0x0
                0x08008368                PROVIDE (__preinit_array_start, .)
 *(.preinit_array*)
                0x08008368                PROVIDE (__preinit_array_end, .)

.init_array     0x08008368        0x4
                0x08008368                PROVIDE (__init_array_start, .)
 *(SORT(.init_array.*))
 *(.init_array*)
 .init_array    0x08008368        0x4 c:/program files (x86)/atollic/truestudio for stm32 9.0.1/armtools/bin/../lib/gcc/arm-atollic-eabi/6.3.1/armv6-m/crtbegin.o
                0x0800836c                PROVIDE (__init_array_end, .)

.fini_array     0x0800836c        0x4
                [!provide]                PROVIDE (__fini_array_start, .)
 *(SORT(.fini_array.*))
 *(.fini_array*)
 .fini_array    0x0800836c        0x4 c:/program files (x86)/atollic/truestudio for stm32 9.0.1/armtools/bin/../lib/gcc/arm-atollic-eabi/6.3.1/armv6-m/crtbegin.o
                [!provide]                PROVIDE (__fini_array_end, .)
                0x08008370                _sidata = LOADADDR (.data)

.data           0x20000000      0x288 load address 0x08008370
                0x20000000                . = ALIGN (0x4)
                0x20000000                _sdata = .
 *(.data)
 *(.data*)
 .data.I2C1Handle
                0x20000000       0x4c Drivers\STM32F0xx_HAL_Driver\Src\tm_stm32_i2c.o
 .data.I2C2Handle
                0x2000004c       0x4c Drivers\STM32F0xx_HAL_Driver\Src\tm_stm32_i2c.o
 .data.AZ_offset
                0x20000098        0x4 Src\main.o
                0x20000098                AZ_offset
 .data.GX_offset
                0x2000009c        0x4 Src\main.o
                0x2000009c                GX_offset
 .data.c_avg    0x200000a0        0x4 Src\main.o
                0x200000a0                c_avg
 .data.c_med    0x200000a4        0x4 Src\main.o
                0x200000a4                c_med
 .data.cov_old  0x200000a8        0x4 Src\main.o
                0x200000a8                cov_old
 .data.device_address
                0x200000ac        0x1 Src\main.o
                0x200000ac                device_address
 .data.register_address
                0x200000ad        0x1 Src\main.o
                0x200000ad                register_address
 *fill*         0x200000ae        0x2 
 .data.SystemCoreClock
                0x200000b0        0x4 Src\system_stm32f0xx.o
                0x200000b0                SystemCoreClock
 .data._impure_ptr
                0x200000b4        0x4 c:/program files (x86)/atollic/truestudio for stm32 9.0.1/armtools/bin/../lib/gcc/arm-atollic-eabi/6.3.1/../../../../arm-atollic-eabi/lib/armv6-m\libc_nano.a(lib_a-impure.o)
                0x200000b4                _impure_ptr
 .data.impure_data
                0x200000b8       0x60 c:/program files (x86)/atollic/truestudio for stm32 9.0.1/armtools/bin/../lib/gcc/arm-atollic-eabi/6.3.1/../../../../arm-atollic-eabi/lib/armv6-m\libc_nano.a(lib_a-impure.o)
 .data.__global_locale
                0x20000118      0x16c c:/program files (x86)/atollic/truestudio for stm32 9.0.1/armtools/bin/../lib/gcc/arm-atollic-eabi/6.3.1/../../../../arm-atollic-eabi/lib/armv6-m\libc_nano.a(lib_a-locale.o)
                0x20000118                __global_locale
 .data.__fdlib_version
                0x20000284        0x1 c:/program files (x86)/atollic/truestudio for stm32 9.0.1/armtools/bin/../lib/gcc/arm-atollic-eabi/6.3.1/../../../../arm-atollic-eabi/lib/armv6-m\libm.a(lib_a-s_lib_ver.o)
                0x20000284                __fdlib_version
                0x20000288                . = ALIGN (0x4)
 *fill*         0x20000285        0x3 
                0x20000288                _edata = .

.igot.plt       0x20000288        0x0 load address 0x080085f8
 .igot.plt      0x20000288        0x0 c:/program files (x86)/atollic/truestudio for stm32 9.0.1/armtools/bin/../lib/gcc/arm-atollic-eabi/6.3.1/armv6-m/crtbegin.o
                0x20000288                . = ALIGN (0x4)

.bss            0x20000288      0x34c load address 0x080085f8
                0x20000288                _sbss = .
                0x20000288                __bss_start__ = _sbss
 *(.bss)
 .bss           0x20000288       0x1c c:/program files (x86)/atollic/truestudio for stm32 9.0.1/armtools/bin/../lib/gcc/arm-atollic-eabi/6.3.1/armv6-m/crtbegin.o
 *(.bss*)
 .bss.GPIO_UsedPins
                0x200002a4       0x1a Drivers\STM32F0xx_HAL_Driver\Src\tm_stm32_gpio.o
 *fill*         0x200002be        0x2 
 .bss.AX_offset
                0x200002c0        0x4 Src\main.o
                0x200002c0                AX_offset
 .bss.AY_offset
                0x200002c4        0x4 Src\main.o
                0x200002c4                AY_offset
 .bss.GY_offset
                0x200002c8        0x4 Src\main.o
                0x200002c8                GY_offset
 .bss.GZ_offset
                0x200002cc        0x4 Src\main.o
                0x200002cc                GZ_offset
 .bss.kalman_old
                0x200002d0        0x4 Src\main.o
                0x200002d0                kalman_old
 .bss.old_x     0x200002d4        0x4 Src\main.o
                0x200002d4                old_x
 .bss.old_y     0x200002d8        0x4 Src\main.o
                0x200002d8                old_y
 .bss.prev_angle_x
                0x200002dc        0x4 Src\main.o
                0x200002dc                prev_angle_x
 .bss.prev_angle_y
                0x200002e0        0x4 Src\main.o
                0x200002e0                prev_angle_y
 .bss.__malloc_free_list
                0x200002e4        0x4 c:/program files (x86)/atollic/truestudio for stm32 9.0.1/armtools/bin/../lib/gcc/arm-atollic-eabi/6.3.1/../../../../arm-atollic-eabi/lib/armv6-m\libc_nano.a(lib_a-nano-mallocr.o)
                0x200002e4                __malloc_free_list
 .bss.__malloc_sbrk_start
                0x200002e8        0x4 c:/program files (x86)/atollic/truestudio for stm32 9.0.1/armtools/bin/../lib/gcc/arm-atollic-eabi/6.3.1/../../../../arm-atollic-eabi/lib/armv6-m\libc_nano.a(lib_a-nano-mallocr.o)
                0x200002e8                __malloc_sbrk_start
 .bss.heap_end.4116
                0x200002ec        0x4 c:/program files (x86)/atollic/truestudio for stm32 9.0.1/armtools/bin/../lib/gcc/arm-atollic-eabi/6.3.1/../../../../arm-atollic-eabi/lib/armv6-m\libnosys.a(sbrk.o)
 *(COMMON)
 COMMON         0x200002f0        0x4 Drivers\STM32F0xx_HAL_Driver\Src\stm32f0xx_hal.o
                0x200002f0                uwTick
 COMMON         0x200002f4       0x4c Src\i2c.o
                0x200002f4                hi2c1
 COMMON         0x20000340      0x220 Src\main.o
                0x20000340                delta_angle_x
                0x20000344                packedFloatYaw
                0x20000348                kalman_new
                0x2000034c                med1_sort
                0x20000350                YAxisFinal
                0x20000354                ZAxis_kalman
                0x20000358                cov_new
                0x2000035c                YGyroFinal
                0x20000360                ZAxisFinal
                0x20000364                ang_y
                0x20000368                Gangle_x
                0x2000036c                XGyro_kalman
                0x20000370                packedFloatPitch
                0x20000374                GY
                0x20000378                val4
                0x2000037c                XAxisFinal
                0x20000380                packedFloatAX
                0x20000384                AY
                0x20000388                med4_sort
                0x2000038c                ZGyro_kalman
                0x20000390                packedFloatT
                0x20000394                MPU6050_Sensor
                0x200003b0                packedFloatAZ
                0x200003b4                val5
                0x200003b8                T
                0x200003bc                ZGyroFinal
                0x200003c0                ang_z
                0x200003c4                GZ
                0x200003c8                med2_sort
                0x200003cc                delta_angle_y
                0x200003d0                val2
                0x200003d4                Data
                0x200003e4                Gangle_y
                0x200003e8                packedFloatGY
                0x200003ec                XGyroFinal
                0x200003f0                packed
                0x2000041c                val3
                0x20000420                med_sort
                0x20000434                packedFloatRoll
                0x20000438                unpacked
                0x2000043c                ang_x
                0x20000440                AZ
                0x20000444                packedFloatAY
                0x20000448                packedFloatGX
                0x2000044c                paket_id
                0x20000450                GX
                0x20000454                YAxis_kalman
                0x20000458                med
                0x2000045c                htim2
                0x2000049c                yaw
                0x200004a0                bufer
                0x20000538                pitch
                0x2000053c                roll
                0x20000540                val1
                0x20000544                XAxis_kalman
                0x20000548                avg
                0x2000054c                YGyro_kalman
                0x20000550                med3_sort
                0x20000554                m
                0x20000558                AX
                0x2000055c                packedFloatGZ
 COMMON         0x20000560       0x70 Src\usart.o
                0x20000560                huart1
 COMMON         0x200005d0        0x4 c:/program files (x86)/atollic/truestudio for stm32 9.0.1/armtools/bin/../lib/gcc/arm-atollic-eabi/6.3.1/../../../../arm-atollic-eabi/lib/armv6-m\libc_nano.a(lib_a-reent.o)
                0x200005d0                errno
                0x200005d4                . = ALIGN (0x4)
                0x200005d4                _ebss = .
                0x200005d4                __bss_end__ = _ebss

._user_heap_stack
                0x200005d4      0x600 load address 0x080085f8
                0x200005d4                . = ALIGN (0x4)
                0x200005d4                PROVIDE (end, .)
                [!provide]                PROVIDE (_end, .)
                0x200007d4                . = (. + _Min_Heap_Size)
 *fill*         0x200005d4      0x200 
                0x20000bd4                . = (. + _Min_Stack_Size)
 *fill*         0x200007d4      0x400 
                0x20000bd4                . = ALIGN (0x4)

/DISCARD/
 libc.a(*)
 libm.a(*)
 libgcc.a(*)

.ARM.attributes
                0x00000000       0x28
 *(.ARM.attributes)
 .ARM.attributes
                0x00000000       0x1e c:/program files (x86)/atollic/truestudio for stm32 9.0.1/armtools/bin/../lib/gcc/arm-atollic-eabi/6.3.1/armv6-m/crti.o
 .ARM.attributes
                0x0000001e       0x2c c:/program files (x86)/atollic/truestudio for stm32 9.0.1/armtools/bin/../lib/gcc/arm-atollic-eabi/6.3.1/armv6-m/crtbegin.o
 .ARM.attributes
                0x0000004a       0x31 Drivers\STM32F0xx_HAL_Driver\Src\stm32f0xx_hal.o
 .ARM.attributes
                0x0000007b       0x31 Drivers\STM32F0xx_HAL_Driver\Src\stm32f0xx_hal_cortex.o
 .ARM.attributes
                0x000000ac       0x31 Drivers\STM32F0xx_HAL_Driver\Src\stm32f0xx_hal_dma.o
 .ARM.attributes
                0x000000dd       0x31 Drivers\STM32F0xx_HAL_Driver\Src\stm32f0xx_hal_gpio.o
 .ARM.attributes
                0x0000010e       0x31 Drivers\STM32F0xx_HAL_Driver\Src\stm32f0xx_hal_i2c.o
 .ARM.attributes
                0x0000013f       0x31 Drivers\STM32F0xx_HAL_Driver\Src\stm32f0xx_hal_i2c_ex.o
 .ARM.attributes
                0x00000170       0x31 Drivers\STM32F0xx_HAL_Driver\Src\stm32f0xx_hal_rcc.o
 .ARM.attributes
                0x000001a1       0x31 Drivers\STM32F0xx_HAL_Driver\Src\stm32f0xx_hal_rcc_ex.o
 .ARM.attributes
                0x000001d2       0x31 Drivers\STM32F0xx_HAL_Driver\Src\stm32f0xx_hal_tim.o
 .ARM.attributes
                0x00000203       0x31 Drivers\STM32F0xx_HAL_Driver\Src\stm32f0xx_hal_tim_ex.o
 .ARM.attributes
                0x00000234       0x31 Drivers\STM32F0xx_HAL_Driver\Src\stm32f0xx_hal_uart.o
 .ARM.attributes
                0x00000265       0x31 Drivers\STM32F0xx_HAL_Driver\Src\stm32f0xx_hal_uart_ex.o
 .ARM.attributes
                0x00000296       0x31 Drivers\STM32F0xx_HAL_Driver\Src\tm_stm32_gpio.o
 .ARM.attributes
                0x000002c7       0x31 Drivers\STM32F0xx_HAL_Driver\Src\tm_stm32_i2c.o
 .ARM.attributes
                0x000002f8       0x31 Drivers\STM32F0xx_HAL_Driver\Src\tm_stm32_mpu6050.o
 .ARM.attributes
                0x00000329       0x31 Src\gpio.o
 .ARM.attributes
                0x0000035a       0x31 Src\i2c.o
 .ARM.attributes
                0x0000038b       0x31 Src\main.o
 .ARM.attributes
                0x000003bc       0x31 Src\stm32f0xx_hal_msp.o
 .ARM.attributes
                0x000003ed       0x31 Src\stm32f0xx_it.o
 .ARM.attributes
                0x0000041e       0x31 Src\system_stm32f0xx.o
 .ARM.attributes
                0x0000044f       0x31 Src\tim.o
 .ARM.attributes
                0x00000480       0x31 Src\usart.o
 .ARM.attributes
                0x000004b1       0x21 startup\startup_stm32f051x8.o
 .ARM.attributes
                0x000004d2       0x2c c:/program files (x86)/atollic/truestudio for stm32 9.0.1/armtools/bin/../lib/gcc/arm-atollic-eabi/6.3.1/../../../../arm-atollic-eabi/lib/armv6-m\libc_nano.a(lib_a-init.o)
 .ARM.attributes
                0x000004fe       0x2c c:/program files (x86)/atollic/truestudio for stm32 9.0.1/armtools/bin/../lib/gcc/arm-atollic-eabi/6.3.1/../../../../arm-atollic-eabi/lib/armv6-m\libc_nano.a(lib_a-memcpy-stub.o)
 .ARM.attributes
                0x0000052a       0x2c c:/program files (x86)/atollic/truestudio for stm32 9.0.1/armtools/bin/../lib/gcc/arm-atollic-eabi/6.3.1/../../../../arm-atollic-eabi/lib/armv6-m\libc_nano.a(lib_a-nano-vfprintf_float.o)
 .ARM.attributes
                0x00000556       0x2c c:/program files (x86)/atollic/truestudio for stm32 9.0.1/armtools/bin/../lib/gcc/arm-atollic-eabi/6.3.1/../../../../arm-atollic-eabi/lib/armv6-m\libc_nano.a(lib_a-nano-vfprintf_i.o)
 .ARM.attributes
                0x00000582       0x1c c:/program files (x86)/atollic/truestudio for stm32 9.0.1/armtools/bin/../lib/gcc/arm-atollic-eabi/6.3.1/../../../../arm-atollic-eabi/lib/armv6-m\libc_nano.a(lib_a-strlen.o)
 .ARM.attributes
                0x0000059e       0x2c c:/program files (x86)/atollic/truestudio for stm32 9.0.1/armtools/bin/../lib/gcc/arm-atollic-eabi/6.3.1/../../../../arm-atollic-eabi/lib/armv6-m\libc_nano.a(lib_a-dtoa.o)
 .ARM.attributes
                0x000005ca       0x2c c:/program files (x86)/atollic/truestudio for stm32 9.0.1/armtools/bin/../lib/gcc/arm-atollic-eabi/6.3.1/../../../../arm-atollic-eabi/lib/armv6-m\libc_nano.a(lib_a-localeconv.o)
 .ARM.attributes
                0x000005f6       0x2c c:/program files (x86)/atollic/truestudio for stm32 9.0.1/armtools/bin/../lib/gcc/arm-atollic-eabi/6.3.1/../../../../arm-atollic-eabi/lib/armv6-m\libc_nano.a(lib_a-malloc.o)
 .ARM.attributes
                0x00000622       0x2c c:/program files (x86)/atollic/truestudio for stm32 9.0.1/armtools/bin/../lib/gcc/arm-atollic-eabi/6.3.1/../../../../arm-atollic-eabi/lib/armv6-m\libc_nano.a(lib_a-mprec.o)
 .ARM.attributes
                0x0000064e       0x2c c:/program files (x86)/atollic/truestudio for stm32 9.0.1/armtools/bin/../lib/gcc/arm-atollic-eabi/6.3.1/../../../../arm-atollic-eabi/lib/armv6-m\libc_nano.a(lib_a-nano-callocr.o)
 .ARM.attributes
                0x0000067a       0x2c c:/program files (x86)/atollic/truestudio for stm32 9.0.1/armtools/bin/../lib/gcc/arm-atollic-eabi/6.3.1/../../../../arm-atollic-eabi/lib/armv6-m\libc_nano.a(lib_a-nano-mallocr.o)
 .ARM.attributes
                0x000006a6       0x2c c:/program files (x86)/atollic/truestudio for stm32 9.0.1/armtools/bin/../lib/gcc/arm-atollic-eabi/6.3.1/../../../../arm-atollic-eabi/lib/armv6-m\libc_nano.a(lib_a-sbrkr.o)
 .ARM.attributes
                0x000006d2       0x2c c:/program files (x86)/atollic/truestudio for stm32 9.0.1/armtools/bin/../lib/gcc/arm-atollic-eabi/6.3.1/../../../../arm-atollic-eabi/lib/armv6-m\libc_nano.a(lib_a-impure.o)
 .ARM.attributes
                0x000006fe       0x2c c:/program files (x86)/atollic/truestudio for stm32 9.0.1/armtools/bin/../lib/gcc/arm-atollic-eabi/6.3.1/../../../../arm-atollic-eabi/lib/armv6-m\libc_nano.a(lib_a-locale.o)
 .ARM.attributes
                0x0000072a       0x2c c:/program files (x86)/atollic/truestudio for stm32 9.0.1/armtools/bin/../lib/gcc/arm-atollic-eabi/6.3.1/../../../../arm-atollic-eabi/lib/armv6-m\libc_nano.a(lib_a-mbtowc_r.o)
 .ARM.attributes
                0x00000756       0x2c c:/program files (x86)/atollic/truestudio for stm32 9.0.1/armtools/bin/../lib/gcc/arm-atollic-eabi/6.3.1/../../../../arm-atollic-eabi/lib/armv6-m\libc_nano.a(lib_a-memset.o)
 .ARM.attributes
                0x00000782       0x2c c:/program files (x86)/atollic/truestudio for stm32 9.0.1/armtools/bin/../lib/gcc/arm-atollic-eabi/6.3.1/../../../../arm-atollic-eabi/lib/armv6-m\libc_nano.a(lib_a-mlock.o)
 .ARM.attributes
                0x000007ae       0x2c c:/program files (x86)/atollic/truestudio for stm32 9.0.1/armtools/bin/../lib/gcc/arm-atollic-eabi/6.3.1/../../../../arm-atollic-eabi/lib/armv6-m\libc_nano.a(lib_a-reent.o)
 .ARM.attributes
                0x000007da       0x2c c:/program files (x86)/atollic/truestudio for stm32 9.0.1/armtools/bin/../lib/gcc/arm-atollic-eabi/6.3.1/../../../../arm-atollic-eabi/lib/armv6-m\libc_nano.a(lib_a-wctomb_r.o)
 .ARM.attributes
                0x00000806       0x2c c:/program files (x86)/atollic/truestudio for stm32 9.0.1/armtools/bin/../lib/gcc/arm-atollic-eabi/6.3.1/../../../../arm-atollic-eabi/lib/armv6-m\libc_nano.a(lib_a-ctype_.o)
 .ARM.attributes
                0x00000832       0x2c c:/program files (x86)/atollic/truestudio for stm32 9.0.1/armtools/bin/../lib/gcc/arm-atollic-eabi/6.3.1/../../../../arm-atollic-eabi/lib/armv6-m\libm.a(lib_a-s_atan.o)
 .ARM.attributes
                0x0000085e       0x2c c:/program files (x86)/atollic/truestudio for stm32 9.0.1/armtools/bin/../lib/gcc/arm-atollic-eabi/6.3.1/../../../../arm-atollic-eabi/lib/armv6-m\libm.a(lib_a-s_fabs.o)
 .ARM.attributes
                0x0000088a       0x2c c:/program files (x86)/atollic/truestudio for stm32 9.0.1/armtools/bin/../lib/gcc/arm-atollic-eabi/6.3.1/../../../../arm-atollic-eabi/lib/armv6-m\libm.a(lib_a-w_sqrt.o)
 .ARM.attributes
                0x000008b6       0x2c c:/program files (x86)/atollic/truestudio for stm32 9.0.1/armtools/bin/../lib/gcc/arm-atollic-eabi/6.3.1/../../../../arm-atollic-eabi/lib/armv6-m\libm.a(lib_a-e_sqrt.o)
 .ARM.attributes
                0x000008e2       0x2c c:/program files (x86)/atollic/truestudio for stm32 9.0.1/armtools/bin/../lib/gcc/arm-atollic-eabi/6.3.1/../../../../arm-atollic-eabi/lib/armv6-m\libm.a(lib_a-s_lib_ver.o)
 .ARM.attributes
                0x0000090e       0x2c c:/program files (x86)/atollic/truestudio for stm32 9.0.1/armtools/bin/../lib/gcc/arm-atollic-eabi/6.3.1/../../../../arm-atollic-eabi/lib/armv6-m\libm.a(lib_a-s_matherr.o)
 .ARM.attributes
                0x0000093a       0x2c c:/program files (x86)/atollic/truestudio for stm32 9.0.1/armtools/bin/../lib/gcc/arm-atollic-eabi/6.3.1/../../../../arm-atollic-eabi/lib/armv6-m\libc_nano.a(lib_a-errno.o)
 .ARM.attributes
                0x00000966       0x1e c:/program files (x86)/atollic/truestudio for stm32 9.0.1/armtools/bin/../lib/gcc/arm-atollic-eabi/6.3.1/armv6-m\libgcc.a(_thumb1_case_sqi.o)
 .ARM.attributes
                0x00000984       0x1e c:/program files (x86)/atollic/truestudio for stm32 9.0.1/armtools/bin/../lib/gcc/arm-atollic-eabi/6.3.1/armv6-m\libgcc.a(_thumb1_case_uqi.o)
 .ARM.attributes
                0x000009a2       0x1e c:/program files (x86)/atollic/truestudio for stm32 9.0.1/armtools/bin/../lib/gcc/arm-atollic-eabi/6.3.1/armv6-m\libgcc.a(_udivsi3.o)
 .ARM.attributes
                0x000009c0       0x1e c:/program files (x86)/atollic/truestudio for stm32 9.0.1/armtools/bin/../lib/gcc/arm-atollic-eabi/6.3.1/armv6-m\libgcc.a(_divsi3.o)
 .ARM.attributes
                0x000009de       0x1e c:/program files (x86)/atollic/truestudio for stm32 9.0.1/armtools/bin/../lib/gcc/arm-atollic-eabi/6.3.1/armv6-m\libgcc.a(_dvmd_tls.o)
 .ARM.attributes
                0x000009fc       0x1e c:/program files (x86)/atollic/truestudio for stm32 9.0.1/armtools/bin/../lib/gcc/arm-atollic-eabi/6.3.1/armv6-m\libgcc.a(_arm_cmpdf2.o)
 .ARM.attributes
                0x00000a1a       0x2c c:/program files (x86)/atollic/truestudio for stm32 9.0.1/armtools/bin/../lib/gcc/arm-atollic-eabi/6.3.1/armv6-m\libgcc.a(addsf3.o)
 .ARM.attributes
                0x00000a46       0x2c c:/program files (x86)/atollic/truestudio for stm32 9.0.1/armtools/bin/../lib/gcc/arm-atollic-eabi/6.3.1/armv6-m\libgcc.a(divsf3.o)
 .ARM.attributes
                0x00000a72       0x2c c:/program files (x86)/atollic/truestudio for stm32 9.0.1/armtools/bin/../lib/gcc/arm-atollic-eabi/6.3.1/armv6-m\libgcc.a(mulsf3.o)
 .ARM.attributes
                0x00000a9e       0x2c c:/program files (x86)/atollic/truestudio for stm32 9.0.1/armtools/bin/../lib/gcc/arm-atollic-eabi/6.3.1/armv6-m\libgcc.a(subsf3.o)
 .ARM.attributes
                0x00000aca       0x2c c:/program files (x86)/atollic/truestudio for stm32 9.0.1/armtools/bin/../lib/gcc/arm-atollic-eabi/6.3.1/armv6-m\libgcc.a(floatsisf.o)
 .ARM.attributes
                0x00000af6       0x2c c:/program files (x86)/atollic/truestudio for stm32 9.0.1/armtools/bin/../lib/gcc/arm-atollic-eabi/6.3.1/armv6-m\libgcc.a(adddf3.o)
 .ARM.attributes
                0x00000b22       0x2c c:/program files (x86)/atollic/truestudio for stm32 9.0.1/armtools/bin/../lib/gcc/arm-atollic-eabi/6.3.1/armv6-m\libgcc.a(divdf3.o)
 .ARM.attributes
                0x00000b4e       0x2c c:/program files (x86)/atollic/truestudio for stm32 9.0.1/armtools/bin/../lib/gcc/arm-atollic-eabi/6.3.1/armv6-m\libgcc.a(eqdf2.o)
 .ARM.attributes
                0x00000b7a       0x2c c:/program files (x86)/atollic/truestudio for stm32 9.0.1/armtools/bin/../lib/gcc/arm-atollic-eabi/6.3.1/armv6-m\libgcc.a(gedf2.o)
 .ARM.attributes
                0x00000ba6       0x2c c:/program files (x86)/atollic/truestudio for stm32 9.0.1/armtools/bin/../lib/gcc/arm-atollic-eabi/6.3.1/armv6-m\libgcc.a(ledf2.o)
 .ARM.attributes
                0x00000bd2       0x2c c:/program files (x86)/atollic/truestudio for stm32 9.0.1/armtools/bin/../lib/gcc/arm-atollic-eabi/6.3.1/armv6-m\libgcc.a(muldf3.o)
 .ARM.attributes
                0x00000bfe       0x2c c:/program files (x86)/atollic/truestudio for stm32 9.0.1/armtools/bin/../lib/gcc/arm-atollic-eabi/6.3.1/armv6-m\libgcc.a(subdf3.o)
 .ARM.attributes
                0x00000c2a       0x2c c:/program files (x86)/atollic/truestudio for stm32 9.0.1/armtools/bin/../lib/gcc/arm-atollic-eabi/6.3.1/armv6-m\libgcc.a(unorddf2.o)
 .ARM.attributes
                0x00000c56       0x2c c:/program files (x86)/atollic/truestudio for stm32 9.0.1/armtools/bin/../lib/gcc/arm-atollic-eabi/6.3.1/armv6-m\libgcc.a(fixdfsi.o)
 .ARM.attributes
                0x00000c82       0x2c c:/program files (x86)/atollic/truestudio for stm32 9.0.1/armtools/bin/../lib/gcc/arm-atollic-eabi/6.3.1/armv6-m\libgcc.a(floatsidf.o)
 .ARM.attributes
                0x00000cae       0x2c c:/program files (x86)/atollic/truestudio for stm32 9.0.1/armtools/bin/../lib/gcc/arm-atollic-eabi/6.3.1/armv6-m\libgcc.a(floatunsidf.o)
 .ARM.attributes
                0x00000cda       0x2c c:/program files (x86)/atollic/truestudio for stm32 9.0.1/armtools/bin/../lib/gcc/arm-atollic-eabi/6.3.1/armv6-m\libgcc.a(extendsfdf2.o)
 .ARM.attributes
                0x00000d06       0x2c c:/program files (x86)/atollic/truestudio for stm32 9.0.1/armtools/bin/../lib/gcc/arm-atollic-eabi/6.3.1/armv6-m\libgcc.a(truncdfsf2.o)
 .ARM.attributes
                0x00000d32       0x1e c:/program files (x86)/atollic/truestudio for stm32 9.0.1/armtools/bin/../lib/gcc/arm-atollic-eabi/6.3.1/armv6-m\libgcc.a(_clzsi2.o)
 .ARM.attributes
                0x00000d50       0x2c c:/program files (x86)/atollic/truestudio for stm32 9.0.1/armtools/bin/../lib/gcc/arm-atollic-eabi/6.3.1/../../../../arm-atollic-eabi/lib/armv6-m\libnosys.a(sbrk.o)
 .ARM.attributes
                0x00000d7c       0x1e c:/program files (x86)/atollic/truestudio for stm32 9.0.1/armtools/bin/../lib/gcc/arm-atollic-eabi/6.3.1/armv6-m/crtn.o
OUTPUT(DiscoveryI2C.elf elf32-littlearm)

.debug_info     0x00000000    0x1fbb8
 .debug_info    0x00000000      0xe6c Drivers\STM32F0xx_HAL_Driver\Src\stm32f0xx_hal.o
 .debug_info    0x00000e6c     0x1011 Drivers\STM32F0xx_HAL_Driver\Src\stm32f0xx_hal_cortex.o
 .debug_info    0x00001e7d     0x101b Drivers\STM32F0xx_HAL_Driver\Src\stm32f0xx_hal_dma.o
 .debug_info    0x00002e98      0xe5d Drivers\STM32F0xx_HAL_Driver\Src\stm32f0xx_hal_gpio.o
 .debug_info    0x00003cf5     0x393f Drivers\STM32F0xx_HAL_Driver\Src\stm32f0xx_hal_i2c.o
 .debug_info    0x00007634     0x107a Drivers\STM32F0xx_HAL_Driver\Src\stm32f0xx_hal_i2c_ex.o
 .debug_info    0x000086ae     0x117c Drivers\STM32F0xx_HAL_Driver\Src\stm32f0xx_hal_rcc.o
 .debug_info    0x0000982a      0xbfa Drivers\STM32F0xx_HAL_Driver\Src\stm32f0xx_hal_rcc_ex.o
 .debug_info    0x0000a424     0x3c02 Drivers\STM32F0xx_HAL_Driver\Src\stm32f0xx_hal_tim.o
 .debug_info    0x0000e026     0x19fb Drivers\STM32F0xx_HAL_Driver\Src\stm32f0xx_hal_tim_ex.o
 .debug_info    0x0000fa21     0x20cb Drivers\STM32F0xx_HAL_Driver\Src\stm32f0xx_hal_uart.o
 .debug_info    0x00011aec     0x11e0 Drivers\STM32F0xx_HAL_Driver\Src\stm32f0xx_hal_uart_ex.o
 .debug_info    0x00012ccc      0xf9e Drivers\STM32F0xx_HAL_Driver\Src\tm_stm32_gpio.o
 .debug_info    0x00013c6a     0x1ca9 Drivers\STM32F0xx_HAL_Driver\Src\tm_stm32_i2c.o
 .debug_info    0x00015913     0x11c9 Drivers\STM32F0xx_HAL_Driver\Src\tm_stm32_mpu6050.o
 .debug_info    0x00016adc      0xbd5 Src\gpio.o
 .debug_info    0x000176b1     0x12c0 Src\i2c.o
 .debug_info    0x00018971     0x2382 Src\main.o
 .debug_info    0x0001acf3      0xb58 Src\stm32f0xx_hal_msp.o
 .debug_info    0x0001b84b     0x1489 Src\stm32f0xx_it.o
 .debug_info    0x0001ccd4      0xa67 Src\system_stm32f0xx.o
 .debug_info    0x0001d73b     0x1193 Src\tim.o
 .debug_info    0x0001e8ce     0x1277 Src\usart.o
 .debug_info    0x0001fb45       0x73 startup\startup_stm32f051x8.o

.debug_abbrev   0x00000000     0x3cf1
 .debug_abbrev  0x00000000      0x2d1 Drivers\STM32F0xx_HAL_Driver\Src\stm32f0xx_hal.o
 .debug_abbrev  0x000002d1      0x30a Drivers\STM32F0xx_HAL_Driver\Src\stm32f0xx_hal_cortex.o
 .debug_abbrev  0x000005db      0x2a3 Drivers\STM32F0xx_HAL_Driver\Src\stm32f0xx_hal_dma.o
 .debug_abbrev  0x0000087e      0x277 Drivers\STM32F0xx_HAL_Driver\Src\stm32f0xx_hal_gpio.o
 .debug_abbrev  0x00000af5      0x38c Drivers\STM32F0xx_HAL_Driver\Src\stm32f0xx_hal_i2c.o
 .debug_abbrev  0x00000e81      0x227 Drivers\STM32F0xx_HAL_Driver\Src\stm32f0xx_hal_i2c_ex.o
 .debug_abbrev  0x000010a8      0x2ea Drivers\STM32F0xx_HAL_Driver\Src\stm32f0xx_hal_rcc.o
 .debug_abbrev  0x00001392      0x268 Drivers\STM32F0xx_HAL_Driver\Src\stm32f0xx_hal_rcc_ex.o
 .debug_abbrev  0x000015fa      0x3a5 Drivers\STM32F0xx_HAL_Driver\Src\stm32f0xx_hal_tim.o
 .debug_abbrev  0x0000199f      0x30d Drivers\STM32F0xx_HAL_Driver\Src\stm32f0xx_hal_tim_ex.o
 .debug_abbrev  0x00001cac      0x358 Drivers\STM32F0xx_HAL_Driver\Src\stm32f0xx_hal_uart.o
 .debug_abbrev  0x00002004      0x2a3 Drivers\STM32F0xx_HAL_Driver\Src\stm32f0xx_hal_uart_ex.o
 .debug_abbrev  0x000022a7      0x2f4 Drivers\STM32F0xx_HAL_Driver\Src\tm_stm32_gpio.o
 .debug_abbrev  0x0000259b      0x303 Drivers\STM32F0xx_HAL_Driver\Src\tm_stm32_i2c.o
 .debug_abbrev  0x0000289e      0x290 Drivers\STM32F0xx_HAL_Driver\Src\tm_stm32_mpu6050.o
 .debug_abbrev  0x00002b2e      0x1ec Src\gpio.o
 .debug_abbrev  0x00002d1a      0x222 Src\i2c.o
 .debug_abbrev  0x00002f3c      0x36e Src\main.o
 .debug_abbrev  0x000032aa      0x1f5 Src\stm32f0xx_hal_msp.o
 .debug_abbrev  0x0000349f      0x223 Src\stm32f0xx_it.o
 .debug_abbrev  0x000036c2      0x1ca Src\system_stm32f0xx.o
 .debug_abbrev  0x0000388c      0x231 Src\tim.o
 .debug_abbrev  0x00003abd      0x222 Src\usart.o
 .debug_abbrev  0x00003cdf       0x12 startup\startup_stm32f051x8.o

.debug_loc      0x00000000     0xbf31
 .debug_loc     0x00000000       0x7c Drivers\STM32F0xx_HAL_Driver\Src\stm32f0xx_hal.o
 .debug_loc     0x0000007c      0x3cc Drivers\STM32F0xx_HAL_Driver\Src\stm32f0xx_hal_cortex.o
 .debug_loc     0x00000448      0x7ca Drivers\STM32F0xx_HAL_Driver\Src\stm32f0xx_hal_dma.o
 .debug_loc     0x00000c12      0x307 Drivers\STM32F0xx_HAL_Driver\Src\stm32f0xx_hal_gpio.o
 .debug_loc     0x00000f19     0x32ab Drivers\STM32F0xx_HAL_Driver\Src\stm32f0xx_hal_i2c.o
 .debug_loc     0x000041c4      0x1c8 Drivers\STM32F0xx_HAL_Driver\Src\stm32f0xx_hal_i2c_ex.o
 .debug_loc     0x0000438c      0x493 Drivers\STM32F0xx_HAL_Driver\Src\stm32f0xx_hal_rcc.o
 .debug_loc     0x0000481f      0x29e Drivers\STM32F0xx_HAL_Driver\Src\stm32f0xx_hal_rcc_ex.o
 .debug_loc     0x00004abd     0x3b44 Drivers\STM32F0xx_HAL_Driver\Src\stm32f0xx_hal_tim.o
 .debug_loc     0x00008601      0xcc7 Drivers\STM32F0xx_HAL_Driver\Src\stm32f0xx_hal_tim_ex.o
 .debug_loc     0x000092c8     0x13d9 Drivers\STM32F0xx_HAL_Driver\Src\stm32f0xx_hal_uart.o
 .debug_loc     0x0000a6a1      0x35b Drivers\STM32F0xx_HAL_Driver\Src\stm32f0xx_hal_uart_ex.o
 .debug_loc     0x0000a9fc      0x4da Drivers\STM32F0xx_HAL_Driver\Src\tm_stm32_gpio.o
 .debug_loc     0x0000aed6      0x96e Drivers\STM32F0xx_HAL_Driver\Src\tm_stm32_i2c.o
 .debug_loc     0x0000b844      0x313 Drivers\STM32F0xx_HAL_Driver\Src\tm_stm32_mpu6050.o
 .debug_loc     0x0000bb57       0x42 Src\i2c.o
 .debug_loc     0x0000bb99      0x1ed Src\main.o
 .debug_loc     0x0000bd86      0x127 Src\system_stm32f0xx.o
 .debug_loc     0x0000bead       0x42 Src\tim.o
 .debug_loc     0x0000beef       0x42 Src\usart.o

.debug_aranges  0x00000000      0xd98
 .debug_aranges
                0x00000000       0xb0 Drivers\STM32F0xx_HAL_Driver\Src\stm32f0xx_hal.o
 .debug_aranges
                0x000000b0       0x78 Drivers\STM32F0xx_HAL_Driver\Src\stm32f0xx_hal_cortex.o
 .debug_aranges
                0x00000128       0x78 Drivers\STM32F0xx_HAL_Driver\Src\stm32f0xx_hal_dma.o
 .debug_aranges
                0x000001a0       0x58 Drivers\STM32F0xx_HAL_Driver\Src\stm32f0xx_hal_gpio.o
 .debug_aranges
                0x000001f8      0x200 Drivers\STM32F0xx_HAL_Driver\Src\stm32f0xx_hal_i2c.o
 .debug_aranges
                0x000003f8       0x48 Drivers\STM32F0xx_HAL_Driver\Src\stm32f0xx_hal_i2c_ex.o
 .debug_aranges
                0x00000440       0x80 Drivers\STM32F0xx_HAL_Driver\Src\stm32f0xx_hal_rcc.o
 .debug_aranges
                0x000004c0       0x30 Drivers\STM32F0xx_HAL_Driver\Src\stm32f0xx_hal_rcc_ex.o
 .debug_aranges
                0x000004f0      0x268 Drivers\STM32F0xx_HAL_Driver\Src\stm32f0xx_hal_tim.o
 .debug_aranges
                0x00000758       0xf8 Drivers\STM32F0xx_HAL_Driver\Src\stm32f0xx_hal_tim_ex.o
 .debug_aranges
                0x00000850      0x188 Drivers\STM32F0xx_HAL_Driver\Src\stm32f0xx_hal_uart.o
 .debug_aranges
                0x000009d8       0x58 Drivers\STM32F0xx_HAL_Driver\Src\stm32f0xx_hal_uart_ex.o
 .debug_aranges
                0x00000a30       0x90 Drivers\STM32F0xx_HAL_Driver\Src\tm_stm32_gpio.o
 .debug_aranges
                0x00000ac0       0x90 Drivers\STM32F0xx_HAL_Driver\Src\tm_stm32_i2c.o
 .debug_aranges
                0x00000b50       0x70 Drivers\STM32F0xx_HAL_Driver\Src\tm_stm32_mpu6050.o
 .debug_aranges
                0x00000bc0       0x20 Src\gpio.o
 .debug_aranges
                0x00000be0       0x30 Src\i2c.o
 .debug_aranges
                0x00000c10       0x70 Src\main.o
 .debug_aranges
                0x00000c80       0x20 Src\stm32f0xx_hal_msp.o
 .debug_aranges
                0x00000ca0       0x48 Src\stm32f0xx_it.o
 .debug_aranges
                0x00000ce8       0x28 Src\system_stm32f0xx.o
 .debug_aranges
                0x00000d10       0x30 Src\tim.o
 .debug_aranges
                0x00000d40       0x30 Src\usart.o
 .debug_aranges
                0x00000d70       0x28 startup\startup_stm32f051x8.o

.debug_ranges   0x00000000     0x1288
 .debug_ranges  0x00000000       0xa0 Drivers\STM32F0xx_HAL_Driver\Src\stm32f0xx_hal.o
 .debug_ranges  0x000000a0      0x120 Drivers\STM32F0xx_HAL_Driver\Src\stm32f0xx_hal_cortex.o
 .debug_ranges  0x000001c0       0xe8 Drivers\STM32F0xx_HAL_Driver\Src\stm32f0xx_hal_dma.o
 .debug_ranges  0x000002a8       0x70 Drivers\STM32F0xx_HAL_Driver\Src\stm32f0xx_hal_gpio.o
 .debug_ranges  0x00000318      0x280 Drivers\STM32F0xx_HAL_Driver\Src\stm32f0xx_hal_i2c.o
 .debug_ranges  0x00000598       0x78 Drivers\STM32F0xx_HAL_Driver\Src\stm32f0xx_hal_i2c_ex.o
 .debug_ranges  0x00000610       0xa0 Drivers\STM32F0xx_HAL_Driver\Src\stm32f0xx_hal_rcc.o
 .debug_ranges  0x000006b0       0x40 Drivers\STM32F0xx_HAL_Driver\Src\stm32f0xx_hal_rcc_ex.o
 .debug_ranges  0x000006f0      0x470 Drivers\STM32F0xx_HAL_Driver\Src\stm32f0xx_hal_tim.o
 .debug_ranges  0x00000b60       0xe8 Drivers\STM32F0xx_HAL_Driver\Src\stm32f0xx_hal_tim_ex.o
 .debug_ranges  0x00000c48      0x178 Drivers\STM32F0xx_HAL_Driver\Src\stm32f0xx_hal_uart.o
 .debug_ranges  0x00000dc0       0x48 Drivers\STM32F0xx_HAL_Driver\Src\stm32f0xx_hal_uart_ex.o
 .debug_ranges  0x00000e08       0xb0 Drivers\STM32F0xx_HAL_Driver\Src\tm_stm32_gpio.o
 .debug_ranges  0x00000eb8       0xb0 Drivers\STM32F0xx_HAL_Driver\Src\tm_stm32_i2c.o
 .debug_ranges  0x00000f68       0x60 Drivers\STM32F0xx_HAL_Driver\Src\tm_stm32_mpu6050.o
 .debug_ranges  0x00000fc8       0xc0 Src\gpio.o
 .debug_ranges  0x00001088       0x40 Src\i2c.o
 .debug_ranges  0x000010c8       0x60 Src\main.o
 .debug_ranges  0x00001128       0x70 Src\stm32f0xx_hal_msp.o
 .debug_ranges  0x00001198       0x38 Src\stm32f0xx_it.o
 .debug_ranges  0x000011d0       0x18 Src\system_stm32f0xx.o
 .debug_ranges  0x000011e8       0x40 Src\tim.o
 .debug_ranges  0x00001228       0x40 Src\usart.o
 .debug_ranges  0x00001268       0x20 startup\startup_stm32f051x8.o

.debug_line     0x00000000     0x8a13
 .debug_line    0x00000000      0x440 Drivers\STM32F0xx_HAL_Driver\Src\stm32f0xx_hal.o
 .debug_line    0x00000440      0x413 Drivers\STM32F0xx_HAL_Driver\Src\stm32f0xx_hal_cortex.o
 .debug_line    0x00000853      0x570 Drivers\STM32F0xx_HAL_Driver\Src\stm32f0xx_hal_dma.o
 .debug_line    0x00000dc3      0x421 Drivers\STM32F0xx_HAL_Driver\Src\stm32f0xx_hal_gpio.o
 .debug_line    0x000011e4     0x162d Drivers\STM32F0xx_HAL_Driver\Src\stm32f0xx_hal_i2c.o
 .debug_line    0x00002811      0x402 Drivers\STM32F0xx_HAL_Driver\Src\stm32f0xx_hal_i2c_ex.o
 .debug_line    0x00002c13      0x61d Drivers\STM32F0xx_HAL_Driver\Src\stm32f0xx_hal_rcc.o
 .debug_line    0x00003230      0x3c9 Drivers\STM32F0xx_HAL_Driver\Src\stm32f0xx_hal_rcc_ex.o
 .debug_line    0x000035f9     0x1367 Drivers\STM32F0xx_HAL_Driver\Src\stm32f0xx_hal_tim.o
 .debug_line    0x00004960      0x804 Drivers\STM32F0xx_HAL_Driver\Src\stm32f0xx_hal_tim_ex.o
 .debug_line    0x00005164      0xd83 Drivers\STM32F0xx_HAL_Driver\Src\stm32f0xx_hal_uart.o
 .debug_line    0x00005ee7      0x44a Drivers\STM32F0xx_HAL_Driver\Src\stm32f0xx_hal_uart_ex.o
 .debug_line    0x00006331      0x415 Drivers\STM32F0xx_HAL_Driver\Src\tm_stm32_gpio.o
 .debug_line    0x00006746      0x4be Drivers\STM32F0xx_HAL_Driver\Src\tm_stm32_i2c.o
 .debug_line    0x00006c04      0x3bc Drivers\STM32F0xx_HAL_Driver\Src\tm_stm32_mpu6050.o
 .debug_line    0x00006fc0      0x26a Src\gpio.o
 .debug_line    0x0000722a      0x329 Src\i2c.o
 .debug_line    0x00007553      0x616 Src\main.o
 .debug_line    0x00007b69      0x26e Src\stm32f0xx_hal_msp.o
 .debug_line    0x00007dd7      0x33b Src\stm32f0xx_it.o
 .debug_line    0x00008112      0x25b Src\system_stm32f0xx.o
 .debug_line    0x0000836d      0x30d Src\tim.o
 .debug_line    0x0000867a      0x316 Src\usart.o
 .debug_line    0x00008990       0x83 startup\startup_stm32f051x8.o

.debug_str      0x00000000     0x4e7b
 .debug_str     0x00000000      0x9cf Drivers\STM32F0xx_HAL_Driver\Src\stm32f0xx_hal.o
                                0xa6a (size before relaxing)
 .debug_str     0x000009cf      0x1f8 Drivers\STM32F0xx_HAL_Driver\Src\stm32f0xx_hal_cortex.o
                                0xa72 (size before relaxing)
 .debug_str     0x00000bc7      0x3ea Drivers\STM32F0xx_HAL_Driver\Src\stm32f0xx_hal_dma.o
                                0xa74 (size before relaxing)
 .debug_str     0x00000fb1      0x1b7 Drivers\STM32F0xx_HAL_Driver\Src\stm32f0xx_hal_gpio.o
                                0x865 (size before relaxing)
 .debug_str     0x00001168      0xa30 Drivers\STM32F0xx_HAL_Driver\Src\stm32f0xx_hal_i2c.o
                               0x12c8 (size before relaxing)
 .debug_str     0x00001b98       0xf3 Drivers\STM32F0xx_HAL_Driver\Src\stm32f0xx_hal_i2c_ex.o
                                0xc2e (size before relaxing)
 .debug_str     0x00001c8b      0x2dc Drivers\STM32F0xx_HAL_Driver\Src\stm32f0xx_hal_rcc.o
                                0xa45 (size before relaxing)
 .debug_str     0x00001f67      0x139 Drivers\STM32F0xx_HAL_Driver\Src\stm32f0xx_hal_rcc_ex.o
                                0x817 (size before relaxing)
 .debug_str     0x000020a0      0xf46 Drivers\STM32F0xx_HAL_Driver\Src\stm32f0xx_hal_tim.o
                               0x17e0 (size before relaxing)
 .debug_str     0x00002fe6      0x50d Drivers\STM32F0xx_HAL_Driver\Src\stm32f0xx_hal_tim_ex.o
                               0x110c (size before relaxing)
 .debug_str     0x000034f3      0x86a Drivers\STM32F0xx_HAL_Driver\Src\stm32f0xx_hal_uart.o
                               0x11cd (size before relaxing)
 .debug_str     0x00003d5d      0x177 Drivers\STM32F0xx_HAL_Driver\Src\stm32f0xx_hal_uart_ex.o
                                0xcb8 (size before relaxing)
 .debug_str     0x00003ed4      0x2eb Drivers\STM32F0xx_HAL_Driver\Src\tm_stm32_gpio.o
                                0x928 (size before relaxing)
 .debug_str     0x000041bf      0x2ef Drivers\STM32F0xx_HAL_Driver\Src\tm_stm32_i2c.o
                                0xf98 (size before relaxing)
 .debug_str     0x000044ae      0x462 Drivers\STM32F0xx_HAL_Driver\Src\tm_stm32_mpu6050.o
                                0xbf9 (size before relaxing)
 .debug_str     0x00004910       0x2b Src\gpio.o
                                0x710 (size before relaxing)
 .debug_str     0x0000493b       0x39 Src\i2c.o
                                0xe0e (size before relaxing)
 .debug_str     0x00004974      0x3cb Src\main.o
                               0x1a09 (size before relaxing)
 .debug_str     0x00004d3f       0x1b Src\stm32f0xx_hal_msp.o
                                0x827 (size before relaxing)
 .debug_str     0x00004d5a       0x91 Src\stm32f0xx_it.o
                               0x1004 (size before relaxing)
 .debug_str     0x00004deb       0x5a Src\system_stm32f0xx.o
                                0x68b (size before relaxing)
 .debug_str     0x00004e45       0x1c Src\tim.o
                                0xd64 (size before relaxing)
 .debug_str     0x00004e61       0x1a Src\usart.o
                                0xdb5 (size before relaxing)

.comment        0x00000000       0x7c
 .comment       0x00000000       0x7c Drivers\STM32F0xx_HAL_Driver\Src\stm32f0xx_hal.o
                                 0x7d (size before relaxing)
 .comment       0x0000007c       0x7d Drivers\STM32F0xx_HAL_Driver\Src\stm32f0xx_hal_cortex.o
 .comment       0x0000007c       0x7d Drivers\STM32F0xx_HAL_Driver\Src\stm32f0xx_hal_dma.o
 .comment       0x0000007c       0x7d Drivers\STM32F0xx_HAL_Driver\Src\stm32f0xx_hal_gpio.o
 .comment       0x0000007c       0x7d Drivers\STM32F0xx_HAL_Driver\Src\stm32f0xx_hal_i2c.o
 .comment       0x0000007c       0x7d Drivers\STM32F0xx_HAL_Driver\Src\stm32f0xx_hal_i2c_ex.o
 .comment       0x0000007c       0x7d Drivers\STM32F0xx_HAL_Driver\Src\stm32f0xx_hal_rcc.o
 .comment       0x0000007c       0x7d Drivers\STM32F0xx_HAL_Driver\Src\stm32f0xx_hal_rcc_ex.o
 .comment       0x0000007c       0x7d Drivers\STM32F0xx_HAL_Driver\Src\stm32f0xx_hal_tim.o
 .comment       0x0000007c       0x7d Drivers\STM32F0xx_HAL_Driver\Src\stm32f0xx_hal_tim_ex.o
 .comment       0x0000007c       0x7d Drivers\STM32F0xx_HAL_Driver\Src\stm32f0xx_hal_uart.o
 .comment       0x0000007c       0x7d Drivers\STM32F0xx_HAL_Driver\Src\stm32f0xx_hal_uart_ex.o
 .comment       0x0000007c       0x7d Drivers\STM32F0xx_HAL_Driver\Src\tm_stm32_gpio.o
 .comment       0x0000007c       0x7d Drivers\STM32F0xx_HAL_Driver\Src\tm_stm32_i2c.o
 .comment       0x0000007c       0x7d Drivers\STM32F0xx_HAL_Driver\Src\tm_stm32_mpu6050.o
 .comment       0x0000007c       0x7d Src\gpio.o
 .comment       0x0000007c       0x7d Src\i2c.o
 .comment       0x0000007c       0x7d Src\main.o
 .comment       0x0000007c       0x7d Src\stm32f0xx_hal_msp.o
 .comment       0x0000007c       0x7d Src\stm32f0xx_it.o
 .comment       0x0000007c       0x7d Src\system_stm32f0xx.o
 .comment       0x0000007c       0x7d Src\tim.o
 .comment       0x0000007c       0x7d Src\usart.o

.debug_frame    0x00000000     0x3514
 .debug_frame   0x00000000      0x178 Drivers\STM32F0xx_HAL_Driver\Src\stm32f0xx_hal.o
 .debug_frame   0x00000178       0xe4 Drivers\STM32F0xx_HAL_Driver\Src\stm32f0xx_hal_cortex.o
 .debug_frame   0x0000025c      0x154 Drivers\STM32F0xx_HAL_Driver\Src\stm32f0xx_hal_dma.o
 .debug_frame   0x000003b0       0xc0 Drivers\STM32F0xx_HAL_Driver\Src\stm32f0xx_hal_gpio.o
 .debug_frame   0x00000470      0x794 Drivers\STM32F0xx_HAL_Driver\Src\stm32f0xx_hal_i2c.o
 .debug_frame   0x00000c04       0xc0 Drivers\STM32F0xx_HAL_Driver\Src\stm32f0xx_hal_i2c_ex.o
 .debug_frame   0x00000cc4      0x130 Drivers\STM32F0xx_HAL_Driver\Src\stm32f0xx_hal_rcc.o
 .debug_frame   0x00000df4       0x58 Drivers\STM32F0xx_HAL_Driver\Src\stm32f0xx_hal_rcc_ex.o
 .debug_frame   0x00000e4c      0x94c Drivers\STM32F0xx_HAL_Driver\Src\stm32f0xx_hal_tim.o
 .debug_frame   0x00001798      0x3ac Drivers\STM32F0xx_HAL_Driver\Src\stm32f0xx_hal_tim_ex.o
 .debug_frame   0x00001b44      0x534 Drivers\STM32F0xx_HAL_Driver\Src\stm32f0xx_hal_uart.o
 .debug_frame   0x00002078       0xe4 Drivers\STM32F0xx_HAL_Driver\Src\stm32f0xx_hal_uart_ex.o
 .debug_frame   0x0000215c      0x1a0 Drivers\STM32F0xx_HAL_Driver\Src\tm_stm32_gpio.o
 .debug_frame   0x000022fc      0x1d8 Drivers\STM32F0xx_HAL_Driver\Src\tm_stm32_i2c.o
 .debug_frame   0x000024d4      0x150 Drivers\STM32F0xx_HAL_Driver\Src\tm_stm32_mpu6050.o
 .debug_frame   0x00002624       0x2c Src\gpio.o
 .debug_frame   0x00002650       0x64 Src\i2c.o
 .debug_frame   0x000026b4      0x15c Src\main.o
 .debug_frame   0x00002810       0x2c Src\stm32f0xx_hal_msp.o
 .debug_frame   0x0000283c       0xb0 Src\stm32f0xx_it.o
 .debug_frame   0x000028ec       0x3c Src\system_stm32f0xx.o
 .debug_frame   0x00002928       0x60 Src\tim.o
 .debug_frame   0x00002988       0x5c Src\usart.o
 .debug_frame   0x000029e4       0x2c c:/program files (x86)/atollic/truestudio for stm32 9.0.1/armtools/bin/../lib/gcc/arm-atollic-eabi/6.3.1/../../../../arm-atollic-eabi/lib/armv6-m\libc_nano.a(lib_a-init.o)
 .debug_frame   0x00002a10       0x28 c:/program files (x86)/atollic/truestudio for stm32 9.0.1/armtools/bin/../lib/gcc/arm-atollic-eabi/6.3.1/../../../../arm-atollic-eabi/lib/armv6-m\libc_nano.a(lib_a-memcpy-stub.o)
 .debug_frame   0x00002a38       0x70 c:/program files (x86)/atollic/truestudio for stm32 9.0.1/armtools/bin/../lib/gcc/arm-atollic-eabi/6.3.1/../../../../arm-atollic-eabi/lib/armv6-m\libc_nano.a(lib_a-nano-vfprintf_float.o)
 .debug_frame   0x00002aa8       0x54 c:/program files (x86)/atollic/truestudio for stm32 9.0.1/armtools/bin/../lib/gcc/arm-atollic-eabi/6.3.1/../../../../arm-atollic-eabi/lib/armv6-m\libc_nano.a(lib_a-nano-vfprintf_i.o)
 .debug_frame   0x00002afc       0x54 c:/program files (x86)/atollic/truestudio for stm32 9.0.1/armtools/bin/../lib/gcc/arm-atollic-eabi/6.3.1/../../../../arm-atollic-eabi/lib/armv6-m\libc_nano.a(lib_a-dtoa.o)
 .debug_frame   0x00002b50       0x40 c:/program files (x86)/atollic/truestudio for stm32 9.0.1/armtools/bin/../lib/gcc/arm-atollic-eabi/6.3.1/../../../../arm-atollic-eabi/lib/armv6-m\libc_nano.a(lib_a-localeconv.o)
 .debug_frame   0x00002b90       0x40 c:/program files (x86)/atollic/truestudio for stm32 9.0.1/armtools/bin/../lib/gcc/arm-atollic-eabi/6.3.1/../../../../arm-atollic-eabi/lib/armv6-m\libc_nano.a(lib_a-malloc.o)
 .debug_frame   0x00002bd0      0x238 c:/program files (x86)/atollic/truestudio for stm32 9.0.1/armtools/bin/../lib/gcc/arm-atollic-eabi/6.3.1/../../../../arm-atollic-eabi/lib/armv6-m\libc_nano.a(lib_a-mprec.o)
 .debug_frame   0x00002e08       0x2c c:/program files (x86)/atollic/truestudio for stm32 9.0.1/armtools/bin/../lib/gcc/arm-atollic-eabi/6.3.1/../../../../arm-atollic-eabi/lib/armv6-m\libc_nano.a(lib_a-nano-callocr.o)
 .debug_frame   0x00002e34       0x2c c:/program files (x86)/atollic/truestudio for stm32 9.0.1/armtools/bin/../lib/gcc/arm-atollic-eabi/6.3.1/../../../../arm-atollic-eabi/lib/armv6-m\libc_nano.a(lib_a-nano-mallocr.o)
 .debug_frame   0x00002e60       0x2c c:/program files (x86)/atollic/truestudio for stm32 9.0.1/armtools/bin/../lib/gcc/arm-atollic-eabi/6.3.1/../../../../arm-atollic-eabi/lib/armv6-m\libc_nano.a(lib_a-sbrkr.o)