stm32f0xx_hal_uart_ex.c:182:19:HAL_RS485Ex_Init	32	static
stm32f0xx_hal_uart_ex.c:257:19:HAL_LIN_Init	16	static
stm32f0xx_hal_uart_ex.c:353:13:HAL_UARTEx_WakeupCallback	0	static
stm32f0xx_hal_uart_ex.c:402:19:HAL_UARTEx_StopModeWakeUpSourceConfig	40	static
stm32f0xx_hal_uart_ex.c:458:19:HAL_UARTEx_EnableStopMode	8	static
stm32f0xx_hal_uart_ex.c:484:19:HAL_UARTEx_DisableStopMode	8	static
stm32f0xx_hal_uart_ex.c:519:19:HAL_MultiProcessorEx_AddressLength_Set	16	static
stm32f0xx_hal_uart_ex.c:552:19:HAL_LIN_SendBreak	8	static
