tm_stm32_i2c.c:64:20:TM_I2C_GetHandle	0	static
tm_stm32_i2c.c:187:17:TM_I2C_Read	40	static
tm_stm32_i2c.c:216:17:TM_I2C_ReadMulti	48	static
tm_stm32_i2c.c:245:17:TM_I2C_ReadNoRegister	24	static
tm_stm32_i2c.c:263:17:TM_I2C_ReadMultiNoRegister	32	static
tm_stm32_i2c.c:281:17:TM_I2C_Write	40	static
tm_stm32_i2c.c:304:17:TM_I2C_WriteMulti	48	static
tm_stm32_i2c.c:322:17:TM_I2C_WriteNoRegister	32	static
tm_stm32_i2c.c:340:17:TM_I2C_WriteMultiNoRegister	32	static
tm_stm32_i2c.c:358:17:TM_I2C_Write16	40	static
tm_stm32_i2c.c:382:17:TM_I2C_Read16	48	static
tm_stm32_i2c.c:416:17:TM_I2C_IsDeviceConnected	8	static
tm_stm32_i2c.c:429:17:TM_I2C_WriteReadRepeatedStart	56	static
tm_stm32_i2c.c:457:13:TM_I2C_InitCustomPinsCallback	0	static
tm_stm32_i2c.c:129:17:TM_I2C_Init	32	static
